Component: ARM Compiler 5.06 update 6 (build 750) Tool: armlink [4d35ed]

==============================================================================

Section Cross References

    system_mm32f032xx_s.o(i.AutoCalPllFactor) refers to uidiv.o(.text) for __aeabi_uidivmod
    system_mm32f032xx_s.o(i.SystemInit) refers to system_mm32f032xx_s.o(i.SetSysClockTo48) for SetSysClockTo48
    startup_mm32f032xx_s_keil.o(RESET) refers to startup_mm32f032xx_s_keil.o(STACK) for __initial_sp
    startup_mm32f032xx_s_keil.o(RESET) refers to startup_mm32f032xx_s_keil.o(.text) for Reset_Handler
    startup_mm32f032xx_s_keil.o(RESET) refers to systick.o(i.SysTick_Handler) for SysTick_Handler
    startup_mm32f032xx_s_keil.o(RESET) refers to porting_misc.o(i.EXTI4_15_IRQHandler) for EXTI4_15_IRQHandler
    startup_mm32f032xx_s_keil.o(RESET) refers to spi.o(i.DMA1_Channel2_3_IRQHandler) for DMA1_Channel2_3_IRQHandler
    startup_mm32f032xx_s_keil.o(RESET) refers to spi.o(i.DMA1_Channel4_5_IRQHandler) for DMA1_Channel4_5_IRQHandler
    startup_mm32f032xx_s_keil.o(.text) refers to startup_mm32f032xx_s_keil.o(STACK) for __initial_sp
    startup_mm32f032xx_s_keil.o(.text) refers to system_mm32f032xx_s.o(i.SystemInit) for SystemInit
    startup_mm32f032xx_s_keil.o(.text) refers to entry.o(.ARM.Collect$$$$00000000) for __main
    main.o(i.RF_Open) refers to systick.o(i.SysTick_DelayMs) for SysTick_DelayMs
    main.o(i.RF_Open) refers to hal_rcc.o(i.RCC_AHBPeriphClockCmd) for RCC_AHBPeriphClockCmd
    main.o(i.RF_Open) refers to hal_gpio.o(i.GPIO_StructInit) for GPIO_StructInit
    main.o(i.RF_Open) refers to hal_gpio.o(i.GPIO_Init) for GPIO_Init
    main.o(i.RF_Open) refers to hal_gpio.o(i.GPIO_SetBits) for GPIO_SetBits
    main.o(i.RF_Open) refers to hal_gpio.o(i.GPIO_ResetBits) for GPIO_ResetBits
    main.o(i.RF_Open) refers to porting_misc.o(i.RF_SpiIoMapping) for RF_SpiIoMapping
    main.o(i.RF_Open) refers to rf_phy.o(i.RF_Init) for RF_Init
    main.o(i.main) refers to systick.o(i.SysTick_Init) for SysTick_Init
    main.o(i.main) refers to uart.o(i.UARTx_Configure) for UARTx_Configure
    main.o(i.main) refers to main.o(i.RF_Open) for RF_Open
    main.o(i.main) refers to printf8.o(i.__0printf$8) for __2printf
    main.o(i.main) refers to rf_phy.o(i.ChipId_Get) for ChipId_Get
    main.o(i.main) refers to ble_cmd.o(i.setBLE_BleDeviceAddr) for setBLE_BleDeviceAddr
    main.o(i.main) refers to user.o(i.BleApp_Init) for BleApp_Init
    main.o(i.main) refers to kernel.o(i.Ble_Kernel_Root) for Ble_Kernel_Root
    main.o(i.main) refers to user.o(i.BleApp_Main) for BleApp_Main
    main.o(i.main) refers to profile_tab.o(.data) for att_HDL_BAS_BATTERY_LEVEL
    user.o(i.BleApp_Init) refers to ble_event.o(i.setBLE_RegisterBleEvent) for setBLE_RegisterBleEvent
    user.o(i.BleApp_Init) refers to user.o(i.BleEvent_Callback) for BleEvent_Callback
    user.o(i.BleApp_Main) refers to rf_phy.o(i.LLTimeline_Get) for LLTimeline_Get
    user.o(i.BleApp_Main) refers to user.o(i.Ble_Slave_StartADV) for Ble_Slave_StartADV
    user.o(i.BleApp_Main) refers to host.o(i.ATT_HDL_Notify) for ATT_HDL_Notify
    user.o(i.BleApp_Main) refers to user.o(.data) for .data
    user.o(i.BleApp_Main) refers to profile_tab.o(.data) for att_HDL_CSCS_HEART_RATE_MEASUREMENT
    user.o(i.BleApp_Main) refers to profile_tab.o(.data) for att_HDL_CSCS_CLIENT_CHARACTERISTIC_CONFIGURATION
    user.o(i.BleApp_Main) refers to profile_tab.o(.constdata) for ATT_HDL_CSCS_HEART_RATE_MEASUREMENT_INIT
    user.o(i.BleApp_Main) refers to profile_tab.o(.data) for att_HDL_BAS_BATTERY_LEVEL
    user.o(i.BleApp_Main) refers to profile_tab.o(.data) for att_HDL_BAS_CLIENT_CHARACTERISTIC_CONFIGURATION
    user.o(i.BleApp_Main) refers to profile_tab.o(.constdata) for ATT_HDL_BAS_BATTERY_LEVEL_INIT
    user.o(i.BleEvent_Callback) refers to kernel.o(i.__ARM_common_switch8) for __ARM_common_switch8
    user.o(i.BleEvent_Callback) refers to printf8.o(i.__0printf$8) for __2printf
    user.o(i.BleEvent_Callback) refers to ble_cmd.o(i.setBLE_Pairing_PassKey) for setBLE_Pairing_PassKey
    user.o(i.BleEvent_Callback) refers to user.o(.data) for .data
    user.o(i.BleEvent_Callback) refers to user.o(.conststring) for .conststring
    user.o(i.Ble_Initial) refers to user.o(i.Ble_Slave_StartADV) for Ble_Slave_StartADV
    user.o(i.Ble_Initial) refers to user.o(i.Ble_Master_Init) for Ble_Master_Init
    user.o(i.Ble_Master_Init) refers to ble_cmd.o(i.setBLE_ConnCreate) for setBLE_ConnCreate
    user.o(i.Ble_Master_Init) refers to user.o(.constdata) for .constdata
    user.o(i.Ble_Slave_AdvInit) refers to ble_cmd.o(i.setBLE_AdvParam) for setBLE_AdvParam
    user.o(i.Ble_Slave_StartADV) refers to user.o(i.Ble_Slave_AdvInit) for Ble_Slave_AdvInit
    user.o(i.Ble_Slave_StartADV) refers to ble_cmd.o(i.setBLE_AdvData) for setBLE_AdvData
    user.o(i.Ble_Slave_StartADV) refers to ble_cmd.o(i.setBLE_ScanRspData) for setBLE_ScanRspData
[...]
    LL_RX_CONN_ID_INIT                       0x08009e54   Data          26  ll.o(.constdata)
    LL_TX_CONN_ID_INIT                       0x08009e6e   Data          26  ll.o(.constdata)
    LL_RX_CONN_ID_SLAVE_SIDE_ONLY            0x08009e88   Data          26  ll.o(.constdata)
    LL_RX_CONN_ID_OP_LENGTH                  0x08009ea2   Data          26  ll.o(.constdata)
    TAB_ZERO_128                             0x08009ebc   Data         140  ll.o(.constdata)
    LL_LEN_OFFSET_1M                         0x08009f48   Data          17  ll.o(.constdata)
    LL_LEN_OFFSET_2M                         0x08009f59   Data           9  ll.o(.constdata)
    LL_fsm                                   0x08009f64   Data         260  ll.o(.constdata)
    EC_fsm                                   0x0800a068   Data          40  ll.o(.constdata)
    Phy_pll_bank_freqIdx                     0x0800a090   Data           5  rf_phy.o(.constdata)
    RFIP_init_reg                            0x0800a095   Data         128  rf_phy.o(.constdata)
    RFIP_REG_IDX                             0x0800a115   Data          13  rf_phy.o(.constdata)
    CH_SEL_TABLE_INV                         0x0800a122   Data          40  rf_phy.o(.constdata)
    R568_lna_agc                             0x0800a14a   Data          32  rf_phy.o(.constdata)
    R568_tia_agc                             0x0800a16a   Data          32  rf_phy.o(.constdata)
    R568_vga_agc                             0x0800a18a   Data          32  rf_phy.o(.constdata)
    LE_EVENT_MASK_INI                        0x0800a1ac   Data           3  hci.o(.constdata)
    EVENT_MASK_INI                           0x0800a1af   Data           5  hci.o(.constdata)
    HCI_fsm                                  0x0800a1b4   Data         100  hci.o(.constdata)
    TAB_SUPPORTED_COMMANDS_MASK              0x0800a218   Data          64  hci.o(.constdata)
    TAB_LMP_FEATURES_MASK                    0x0800a258   Data           8  hci.o(.constdata)
    L2CAP_fsm                                0x0800a260   Data           4  l2cap.o(.constdata)
    Prcss_BLE_CODE_SMP                       0x0800a264   Data          48  mmi.o(.constdata)
    Prcss_BLE_OPCODE_ATT                     0x0800a294   Data         124  mmi.o(.constdata)
    Prcss_L2CAP_CID                          0x0800a310   Data          28  mmi.o(.constdata)
    UUID_BLUETOOTH_BASE                      0x0800a32c   Data          16  rffunction.o(.constdata)
    Region$$Table$$Base                      0x0800a388   Number         0  anon$$obj.o(Region$$Table)
    Region$$Table$$Limit                     0x0800a3a8   Number         0  anon$$obj.o(Region$$Table)
    connId                                   0x20000000   Data           1  user.o(.data)
    ble_state                                0x20000001   Data           1  user.o(.data)
    SPI_DMATxFlag                            0x20000008   Data           1  spi.o(.data)
    SPI_DMARxFlag                            0x20000009   Data           1  spi.o(.data)
    SysTick_DelayTicks                       0x2000000c   Data           4  systick.o(.data)
    tbPresc                                  0x20000010   Data          16  hal_rcc.o(.data)
    att_HDL_GAP_DEVICE_NAME                  0x20000020   Data           8  profile_tab.o(.data)
    att_HDL_GAP_RECONNECTION_ADDRESS         0x20000028   Data           6  profile_tab.o(.data)
    att_HDL_GATT_SERVICE_CHANGED             0x2000002e   Data           4  profile_tab.o(.data)
    att_HDL_GATT_CLIENT_CHARACTERISTIC_CONFIGURATION 0x20000032   Data           2  profile_tab.o(.data)
    att_HDL_CSCS_CYCLING_SENSOR_LOCATION     0x20000034   Data           1  profile_tab.o(.data)
    att_HDL_BAS_BATTERY_LEVEL                0x20000035   Data           4  profile_tab.o(.data)
    att_HDL_BAS_CLIENT_CHARACTERISTIC_CONFIGURATION 0x20000039   Data           2  profile_tab.o(.data)
    att_HDL_CSCS_HEART_RATE_MEASUREMENT      0x2000003b   Data          10  profile_tab.o(.data)
    att_HDL_CSCS_CLIENT_CHARACTERISTIC_CONFIGURATION 0x20000045   Data           2  profile_tab.o(.data)
    att_HDL_CSCS_CYCLING_POWER_FEATURE       0x20000047   Data           2  profile_tab.o(.data)
    att_HDL_CSCS_CYCLING_SC_CONTROL_POINT    0x20000049   Data           1  profile_tab.o(.data)
    ATTRIBUTE_SERVER_PARAM                   0x2000004c   Data         212  profile_tab.o(.data)
    ATTRIBUTE_SERVER                         0x20000120   Data         212  profile_tab.o(.data)
    ATTRIBUTE_SERVER_PERMISSION              0x200001f4   Data         212  profile_tab.o(.data)
    size_ATTRIBUTE_SERVER                    0x200002c8   Data           1  profile_tab.o(.data)
    bleEventCallBack                         0x200002cc   Data           4  ble_event.o(.data)
    MBlk_depth_Remaining                     0x200002d0   Data           1  kernel.o(.data)
    MBlk_depth_Rsv                           0x200002d1   Data           1  kernel.o(.data)
    MBlk_Free                                0x200002d4   Data           4  kernel.o(.data)
    bleAddr_param                            0x200002d8   Data           7  host.o(.data)
    ble_device_param                         0x200002df   Data           8  host.o(.data)
    RX_CRC_valid_flag                        0x200002e8   Data           1  ll.o(.data)
    FT_WakeupFlag                            0x200002e9   Data           1  ll.o(.data)
    LL_ConnDataTmpGate                       0x200002ea   Data           1  ll.o(.data)
    LL_ConnID_Remaining                      0x200002eb   Data           1  ll.o(.data)
    TBlk_Free_LL                             0x200002ec   Data           1  ll.o(.data)
    TBlk_InUse_LL                            0x200002ed   Data           1  ll.o(.data)
    LL_SMP_DataCh                            0x200002ee   Data           1  ll.o(.data)
    status_LL_Tmr                            0x200002ef   Data           1  ll.o(.data)
    anchor_LL_Tmr                            0x200002f0   Data           1  ll.o(.data)
    LL_Msg_AdvScnConn                        0x200002f1   Data           1  ll.o(.data)
    LL_Msg_AdvScnConnUpd                     0x200002f2   Data           1  ll.o(.data)
    LL_Msg_AdvScnConnUpdSts                  0x200002f3   Data           1  ll.o(.data)
    RF_Msg_RF0INT                            0x200002f4   Data           1  ll.o(.data)
    LL_DurRxPktAccu                          0x200002f6   Data           2  ll.o(.data)
    LL_ConnBuffPt                            0x200002f8   Data           4  ll.o(.data)
    LL_Adv_Data_Buf                          0x200002fc   Data           4  ll.o(.data)
    LL_Ref_Default_PHY                       0x20000300   Data           4  ll.o(.data)
    tblk_LL_pi                               0x20000304   Data           4  ll.o(.data)
    tblk_LL_pi2                              0x20000308   Data           4  ll.o(.data)
    LL_conn_pi                               0x2000030c   Data           4  ll.o(.data)
    mblk_LL_conn_Para                        0x20000310   Data           4  ll.o(.data)
    LL_Slv_Win_Width                         0x20000314   Data           4  ll.o(.data)
    LL_Slv_Win_Width_Base                    0x20000318   Data           4  ll.o(.data)
    seedR16                                  0x2000031c   Data           4  ll.o(.data)
    LL_Ref_Acs_Addr_ADVSCN                   0x20000320   Data           4  ll.o(.data)
    LL_Ref_crc_ini_ADVSCN                    0x20000324   Data           4  ll.o(.data)
    Ch_ADV_Ch_Hop_Table                      0x20000328   Data           4  ll.o(.data)
    Ch_ADV_Ch_Hop_TableBuf                   0x2000032c   Data           4  ll.o(.data)
    LL_Ref_ChMap                             0x20000330   Data           5  ll.o(.data)
    BD_Rand_Addr                             0x20000335   Data           6  ll.o(.data)
    BD_Rand_AddrBuf                          0x2000033b   Data           6  ll.o(.data)
    LL_ConnDataQ                             0x20000344   Data           8  ll.o(.data)
    LL_ConnCtrlQ                             0x2000034c   Data           8  ll.o(.data)
    LL_ConnDataInQ                           0x20000354   Data           8  ll.o(.data)
    LL_ConnDataInTmp                         0x2000035c   Data           8  ll.o(.data)
    LL_ConnBuffPrcs                          0x20000364   Data           8  ll.o(.data)
    LL_ConnBuffPrcsR                         0x2000036c   Data           8  ll.o(.data)
    Tmr37                                    0x20000378   Data           8  ll.o(.data)
    LL_Length_Prefer                         0x20000380   Data           8  ll.o(.data)
    MsgQueueEC                               0x20000388   Data           8  ll.o(.data)
    RfVolt_new                               0x20000390   Data           1  rf_phy.o(.data)
    Content_ioInt                            0x20000391   Data           1  rf_phy.o(.data)
    Content_ioInt_exceptTmr                  0x20000392   Data           1  rf_phy.o(.data)
    rssiOffsetValue                          0x20000393   Data           1  rf_phy.o(.data)
    g16MHzClkOut                             0x20000394   Data           1  rf_phy.o(.data)
    rf_initial_flag                          0x20000395   Data           1  rf_phy.o(.data)
    gSleep                                   0x20000396   Data           1  rf_phy.o(.data)
    LL_Tmr_Ticks_RSV_Wakeup                  0x20000397   Data           1  rf_phy.o(.data)
    rssi_read_data                           0x20000398   Data           3  rf_phy.o(.data)
    Timeline24                               0x2000039c   Data           4  rf_phy.o(.data)
    Tmr16Interval                            0x200003a0   Data           4  rf_phy.o(.data)
    addr_TxFIFO                              0x200003a4   Data           4  rf_phy.o(.data)
    Phy_pll_bank                             0x200003a8   Data           5  rf_phy.o(.data)
    init_txpower_8dbm_reg                    0x200003b8   Data           5  rf_phy.o(.data)
    Event_Mask2                              0x200003c0   Data           1  hci.o(.data)
    LE_Event_Mask                            0x200003c1   Data           3  hci.o(.data)
    mhcCallBack                              0x200003c4   Data           4  hci.o(.data)
    Event_Mask                               0x200003c8   Data           5  hci.o(.data)
    ATT_INDICATION_Packet_Sent               0x200003cd   Data           1  mmi.o(.data)
    ATT_WRITE_REQUEST_Packet_Sent            0x200003ce   Data           1  mmi.o(.data)
    r_AES_INI                                0x200003cf   Data          16  rffunction.o(.data)
    RSP_PAIRING_REQUEST                      0x200003df   Data          11  rffunction.o(.data)
    LTK_FIXED                                0x200003ea   Data          16  rffunction.o(.data)
    EDIV_FIXED                               0x200003fa   Data           2  rffunction.o(.data)
    RAND_FIXED                               0x200003fc   Data           8  rffunction.o(.data)
    IRK_FIXED                                0x20000404   Data          16  rffunction.o(.data)
    CSRK_FIXED                               0x20000414   Data          16  rffunction.o(.data)
    SEL_STK_GEN_MTHD                         0x20000424   Data          25  rffunction.o(.data)
    aTT_MTU                                  0x2000043d   Data           1  rffunction.o(.data)
    smp_Authorization                        0x2000043e   Data           1  rffunction.o(.data)
    smp_Encryption                           0x2000043f   Data           1  rffunction.o(.data)
    smp_Security_Mode                        0x20000440   Data           1  rffunction.o(.data)
    smp_PReq_IO_Capab                        0x20000441   Data           1  rffunction.o(.data)
    smp_PReq_OOB_data                        0x20000442   Data           1  rffunction.o(.data)
    smp_PReq_Init_Key_Distr                  0x20000443   Data           1  rffunction.o(.data)
    smp_PReq_Resp_Key_Distr                  0x20000444   Data           1  rffunction.o(.data)
    smp_Local_Addr                           0x20000445   Data           8  rffunction.o(.data)
    smp_Phase                                0x2000044d   Data           1  rffunction.o(.data)
    smp_TempDef                              0x2000044e   Data           1  rffunction.o(.data)
    smp_Rand                                 0x2000044f   Data           8  rffunction.o(.data)
    smp_EDIV                                 0x20000457   Data           2  rffunction.o(.data)
    smp_Local_Addr_advTemp                   0x20000459   Data           8  rffunction.o(.data)
    __stdout                                 0x20000464   Data           4  stdout.o(.data)
    MsgBlk                                   0x20000468   Data        2340  porting_misc.o(.bss)
    MsgQueue                                 0x20000d8c   Data          40  kernel.o(.bss)
    LL_Adv_Para                              0x20000db4   Data          96  ll.o(.bss)
    LL_Adv_Para_UpdBuf                       0x20000e14   Data          96  ll.o(.bss)
    LL_Scan_Para                             0x20000e74   Data          16  ll.o(.bss)
    LL_Scan_Para_UpdBuf                      0x20000e84   Data          16  ll.o(.bss)
    LL_Conn_Para                             0x20000e94   Data         140  ll.o(.bss)
    LL_Init_Para                             0x20000f20   Data          32  ll.o(.bss)
    LL_WhiteList_Para                        0x20000f40   Data          28  ll.o(.bss)
    LL_Para_Interval                         0x20000f5c   Data          36  ll.o(.bss)
    LL_Para_IntervalR                        0x20000f80   Data         259  ll.o(.bss)
    TmrBlk_LL                                0x20001084   Data          32  ll.o(.bss)
    ram_Tab                                  0x200010a4   Data          48  ll.o(.bss)
    RFIP_reg_MEM                             0x200010d4   Data          13  rf_phy.o(.bss)
    CH_PLL_bank_Table                        0x200010e1   Data          40  rf_phy.o(.bss)
    L2CAP_Buf                                0x20001109   Data         253  l2cap.o(.bss)
    SPIBuffer                                0x20001208   Data         251  rffunction.o(.bss)
    q_att_HDL_PreWr                          0x20001303   Data          48  rffunction.o(.bss)
    CmdTimer                                 0x20001334   Data          36  rffunction.o(.bss)
    k_AES_passkey                            0x20001358   Data          16  rffunction.o(.bss)
    smp_Para_Bond                            0x20001368   Data          37  rffunction.o(.bss)
    rsp_pairing_request_table                0x2000138d   Data          11  rffunction.o(.bss)
    smp_Temp16                               0x20001398   Data          16  rffunction.o(.bss)
    smp_IRKm                                 0x200013a8   Data          16  rffunction.o(.bss)
    smp_CSRKm                                0x200013b8   Data          16  rffunction.o(.bss)
    r_AES                                    0x200013c8   Data          16  rffunction.o(.bss)
    LTK                                      0x200013d8   Data          16  rffunction.o(.bss)
    LTK_SEED                                 0x200013e8   Data          10  rffunction.o(.bss)
    SECBuffer                                0x200013f2   Data          42  rffunction.o(.bss)
    __initial_sp                             0x20001820   Data           0  startup_mm32f032xx_s_keil.o(STACK)



==============================================================================

Memory Map of the image

  Image Entry point : 0x080000c1

  Load Region LR_IROM1 (Base: 0x08000000, Size: 0x0000a810, Max: 0x00010000, ABSOLUTE, COMPRESSED[0x0000a5ec])

    Execution Region ER_IROM1 (Exec base: 0x08000000, Load base: 0x08000000, Size: 0x0000a3a8, Max: 0x00010000, ABSOLUTE)

    Exec Addr    Load Addr    Size         Type   Attr      Idx    E Section Name        Object

    0x08000000   0x08000000   0x000000c0   Data   RO           68    RESET               startup_mm32f032xx_s_keil.o
    0x080000c0   0x080000c0   0x00000000   Code   RO         6508  * .ARM.Collect$$$$00000000  mc_p.l(entry.o)
    0x080000c0   0x080000c0   0x00000004   Code   RO         6780    .ARM.Collect$$$$00000001  mc_p.l(entry2.o)
    0x080000c4   0x080000c4   0x00000004   Code   RO         6783    .ARM.Collect$$$$00000004  mc_p.l(entry5.o)
    0x080000c8   0x080000c8   0x00000000   Code   RO         6785    .ARM.Collect$$$$00000008  mc_p.l(entry7b.o)
    0x080000c8   0x080000c8   0x00000000   Code   RO         6787    .ARM.Collect$$$$0000000A  mc_p.l(entry8b.o)
    0x080000c8   0x080000c8   0x00000008   Code   RO         6788    .ARM.Collect$$$$0000000B  mc_p.l(entry9a.o)
    0x080000d0   0x080000d0   0x00000000   Code   RO         6790    .ARM.Collect$$$$0000000D  mc_p.l(entry10a.o)
    0x080000d0   0x080000d0   0x00000000   Code   RO         6792    .ARM.Collect$$$$0000000F  mc_p.l(entry11a.o)
    0x080000d0   0x080000d0   0x00000004   Code   RO         6781    .ARM.Collect$$$$00002712  mc_p.l(entry2.o)
    0x080000d4   0x080000d4   0x00000006   Code   RO          577    .emb_text           porting_lltimer.o
    0x080000da   0x080000da   0x00000002   PAD
    0x080000dc   0x080000dc   0x00000058   Code   RO           69    .text               startup_mm32f032xx_s_keil.o
    0x08000134   0x08000134   0x0000002c   Code   RO         6511    .text               mc_p.l(uidiv.o)
    0x08000160   0x08000160   0x00000028   Code   RO         6513    .text               mc_p.l(idiv.o)
    0x08000188   0x08000188   0x00000060   Code   RO         6795    .text               mc_p.l(uldiv.o)
    0x080001e8   0x080001e8   0x00000024   Code   RO         6808    .text               mc_p.l(init.o)
    0x0800020c   0x0800020c   0x00000020   Code   RO         6810    .text               mc_p.l(llshl.o)
    0x0800022c   0x0800022c   0x00000022   Code   RO         6812    .text               mc_p.l(llushr.o)
    0x0800024e   0x0800024e   0x00000056   Code   RO         6827    .text               mc_p.l(__dczerorl2.o)
    0x080002a4   0x080002a4   0x00000084   Code   RO         4340    i.ATT_HDL_Notify    Rafael_BLE_MM32F032xx_s.lib(host.o)
    0x08000328   0x08000328   0x00000018   Code   RO         3460    i.ATT_HDL_Rd_BAS_BODY_BATTERY_LEVEL  profile_tab.o
    0x08000340   0x08000340   0x00000002   Code   RO         3462    i.ATT_HDL_Rd_NULL   profile_tab.o
    0x08000342   0x08000342   0x00000002   Code   RO         3463    i.ATT_HDL_Wr_NULL   profile_tab.o
    0x08000344   0x08000344   0x00000010   Code   RO         3464    i.ATT_HDL_Wr_UDF01S_UDATRW01  profile_tab.o
    0x08000354   0x08000354   0x0000005c   Code   RO          698    i.BSP_SPI_BLE_Init  porting_spi.o
    0x080003b0   0x080003b0   0x00000010   Code   RO          253    i.BleApp_Init       user.o
    0x080003c0   0x080003c0   0x000000a4   Code   RO          254    i.BleApp_Main       user.o
    0x08000464   0x08000464   0x00000140   Code   RO          255    i.BleEvent_Callback  user.o
    0x080005a4   0x080005a4   0x0000000c   Code   RO         3970    i.BleEvent_PostEvent  Rafael_BLE_MM32F032xx_s.lib(ble_event.o)
    0x080005b0   0x080005b0   0x0000000c   Code   RO         5687    i.BleMHC_PostEvent  Rafael_BLE_MM32F032xx_s.lib(hci.o)
    0x080005bc   0x080005bc   0x0000000c   Code   RO         5256    i.BleTxFIFOAddr_Get  Rafael_BLE_MM32F032xx_s.lib(rf_phy.o)
    0x080005c8   0x080005c8   0x00000014   Code   RO         4427    i.Ble_EC_Chk_Isr    Rafael_BLE_MM32F032xx_s.lib(ll.o)
    0x080005dc   0x080005dc   0x000000c0   Code   RO         4006    i.Ble_Kernel_Root   Rafael_BLE_MM32F032xx_s.lib(kernel.o)
    0x0800069c   0x0800069c   0x00000044   Code   RO         5257    i.Ble_SW_Init       Rafael_BLE_MM32F032xx_s.lib(rf_phy.o)
    0x080006e0   0x080006e0   0x00000020   Code   RO          258    i.Ble_Slave_AdvInit  user.o
    0x08000700   0x08000700   0x00000024   Code   RO          259    i.Ble_Slave_StartADV  user.o
    0x08000724   0x08000724   0x0000003c   Code   RO         4010    i.CheckMsgBlk_L2_wSizeUsed_Isr  Rafael_BLE_MM32F032xx_s.lib(kernel.o)
    0x08000760   0x08000760   0x00000020   Code   RO         4011    i.CheckMsgQueue     Rafael_BLE_MM32F032xx_s.lib(kernel.o)
    0x08000780   0x08000780   0x00000014   Code   RO         5913    i.CheckValid_L2CAP_Buf  Rafael_BLE_MM32F032xx_s.lib(l2cap.o)
    0x08000794   0x08000794   0x0000000c   Code   RO         5258    i.ChipId_Get        Rafael_BLE_MM32F032xx_s.lib(rf_phy.o)
    0x080007a0   0x080007a0   0x00000034   Code   RO          404    i.DMA1_Channel2_3_IRQHandler  spi.o
    0x080007d4   0x080007d4   0x00000038   Code   RO          405    i.DMA1_Channel4_5_IRQHandler  spi.o
    0x0800080c   0x0800080c   0x0000000c   Code   RO         1151    i.DMA_ClearITPendingBit  hal_dma.o
    0x08000818   0x08000818   0x0000000c   Code   RO         1152    i.DMA_Cmd           hal_dma.o
    0x08000824   0x08000824   0x00000030   Code   RO         1153    i.DMA_DeInit        hal_dma.o
    0x08000854   0x08000854   0x00000014   Code   RO         1156    i.DMA_GetITStatus   hal_dma.o
    0x08000868   0x08000868   0x00000010   Code   RO         1157    i.DMA_ITConfig      hal_dma.o
    0x08000878   0x08000878   0x0000004c   Code   RO         1158    i.DMA_Init          hal_dma.o
    0x080008c4   0x080008c4   0x0000001c   Code   RO         1159    i.DMA_StructInit    hal_dma.o
    0x080008e0   0x080008e0   0x000000f0   Code   RO         4428    i.ECHC_LE_Ctrl_Pkt  Rafael_BLE_MM32F032xx_s.lib(ll.o)
    0x080009d0   0x080009d0   0x00000038   Code   RO         4429    i.EC_Root_Isr       Rafael_BLE_MM32F032xx_s.lib(ll.o)
    0x08000a08   0x08000a08   0x00000030   Code   RO          608    i.EXTI4_15_IRQHandler  porting_misc.o
    0x08000a38   0x08000a38   0x0000000c   Code   RO         1252    i.EXTI_ClearITPendingBit  hal_exti.o
    0x08000a44   0x08000a44   0x0000001c   Code   RO         1257    i.EXTI_GetITStatus  hal_exti.o
    0x08000a60   0x08000a60   0x00000058   Code   RO         1258    i.EXTI_Init         hal_exti.o
    0x08000ab8   0x08000ab8   0x00000028   Code   RO         1259    i.EXTI_LineConfig   hal_exti.o
    0x08000ae0   0x08000ae0   0x0000000c   Code   RO         4021    i.ErrorEntry        Rafael_BLE_MM32F032xx_s.lib(kernel.o)
    0x08000aec   0x08000aec   0x00000024   Code   RO         4022    i.FreeMsgBlk        Rafael_BLE_MM32F032xx_s.lib(kernel.o)
    0x08000b10   0x08000b10   0x0000001c   Code   RO         4023    i.FreeMsgBlk_Isr    Rafael_BLE_MM32F032xx_s.lib(kernel.o)
    0x08000b2c   0x08000b2c   0x00000034   Code   RO         4024    i.FreeMsgBlks       Rafael_BLE_MM32F032xx_s.lib(kernel.o)
    0x08000b60   0x08000b60   0x00000028   Code   RO         4025    i.FreeMsgBlks_Isr   Rafael_BLE_MM32F032xx_s.lib(kernel.o)
    0x08000b88   0x08000b88   0x00000086   Code   RO         1543    i.GPIO_Init         hal_gpio.o
    0x08000c0e   0x08000c0e   0x00000020   Code   RO         1544    i.GPIO_PinAFConfig  hal_gpio.o
    0x08000c2e   0x08000c2e   0x0000000a   Code   RO         1548    i.GPIO_ReadInputDataBit  hal_gpio.o
    0x08000c38   0x08000c38   0x00000004   Code   RO         1551    i.GPIO_ResetBits    hal_gpio.o
    0x08000c3c   0x08000c3c   0x00000004   Code   RO         1552    i.GPIO_SetBits      hal_gpio.o
    0x08000c40   0x08000c40   0x00000010   Code   RO         1553    i.GPIO_StructInit   hal_gpio.o
    0x08000c50   0x08000c50   0x0000002c   Code   RO         4026    i.GetMsgBlk         Rafael_BLE_MM32F032xx_s.lib(kernel.o)
    0x08000c7c   0x08000c7c   0x0000002c   Code   RO         4027    i.GetMsgBlk_Isr     Rafael_BLE_MM32F032xx_s.lib(kernel.o)
    0x08000ca8   0x08000ca8   0x00000060   Code   RO         4028    i.GetMsgBlk_L1_wSize_Isr  Rafael_BLE_MM32F032xx_s.lib(kernel.o)
    0x08000d08   0x08000d08   0x00000060   Code   RO         4029    i.GetMsgBlk_L2_wSize  Rafael_BLE_MM32F032xx_s.lib(kernel.o)
    0x08000d68   0x08000d68   0x00000024   Code   RO         5688    i.HCI_Root          Rafael_BLE_MM32F032xx_s.lib(hci.o)
    0x08000d8c   0x08000d8c   0x00000038   Code   RO         4430    i.HCLL_Disconnect   Rafael_BLE_MM32F032xx_s.lib(ll.o)
    0x08000dc4   0x08000dc4   0x00000002   Code   RO         4431    i.HCLL_Host_Buffer_Size  Rafael_BLE_MM32F032xx_s.lib(ll.o)
    0x08000dc6   0x08000dc6   0x00000002   Code   RO         4432    i.HCLL_Host_Num_of_Completed_Packets  Rafael_BLE_MM32F032xx_s.lib(ll.o)
    0x08000dc8   0x08000dc8   0x00000002   Code   RO         4433    i.HCLL_LE_ACL_Data_Pkt  Rafael_BLE_MM32F032xx_s.lib(ll.o)
    0x08000dca   0x08000dca   0x00000004   Code   RO         4434    i.HCLL_LE_ACL_Data_Pkt_Extend  Rafael_BLE_MM32F032xx_s.lib(ll.o)
    0x08000dce   0x08000dce   0x00000002   PAD
    0x08000dd0   0x08000dd0   0x0000008c   Code   RO         4435    i.HCLL_LE_Add_Device_to_White_List  Rafael_BLE_MM32F032xx_s.lib(ll.o)
    0x08000e5c   0x08000e5c   0x00000048   Code   RO         4436    i.HCLL_LE_Clear_White_List  Rafael_BLE_MM32F032xx_s.lib(ll.o)
    0x08000ea4   0x08000ea4   0x000000d4   Code   RO         4437    i.HCLL_LE_Conn_update  Rafael_BLE_MM32F032xx_s.lib(ll.o)
    0x08000f78   0x08000f78   0x00000002   Code   RO         4438    i.HCLL_LE_Create_Conn  Rafael_BLE_MM32F032xx_s.lib(ll.o)
    0x08000f7a   0x08000f7a   0x00000002   Code   RO         4439    i.HCLL_LE_Create_conn_cancel  Rafael_BLE_MM32F032xx_s.lib(ll.o)
    0x08000f7c   0x08000f7c   0x000000c0   Code   RO         4440    i.HCLL_LE_Ctrl_Pkt  Rafael_BLE_MM32F032xx_s.lib(ll.o)
    0x0800103c   0x0800103c   0x00000024   Code   RO         4441    i.HCLL_LE_Encrypt   Rafael_BLE_MM32F032xx_s.lib(ll.o)
    0x08001060   0x08001060   0x00000064   Code   RO         4442    i.HCLL_LE_Long_term_key_req_neg_reply  Rafael_BLE_MM32F032xx_s.lib(ll.o)
    0x080010c4   0x080010c4   0x00000024   Code   RO         4443    i.HCLL_LE_Long_term_key_req_reply  Rafael_BLE_MM32F032xx_s.lib(ll.o)
    0x080010e8   0x080010e8   0x00000024   Code   RO         4444    i.HCLL_LE_Rand      Rafael_BLE_MM32F032xx_s.lib(ll.o)
    0x0800110c   0x0800110c   0x00000004   Code   RO         4445    i.HCLL_LE_Read_Adv_Ch_Tx_Pwr  Rafael_BLE_MM32F032xx_s.lib(ll.o)
    0x08001110   0x08001110   0x00000024   Code   RO         4446    i.HCLL_LE_Read_Buffer_Size  Rafael_BLE_MM32F032xx_s.lib(ll.o)
    0x08001134   0x08001134   0x00000048   Code   RO         4447    i.HCLL_LE_Read_Local_Supported_Feat  Rafael_BLE_MM32F032xx_s.lib(ll.o)
    0x0800117c   0x0800117c   0x00000044   Code   RO         4448    i.HCLL_LE_Read_Phy  Rafael_BLE_MM32F032xx_s.lib(ll.o)
    0x080011c0   0x080011c0   0x00000044   Code   RO         4449    i.HCLL_LE_Read_Remote_Used_Feat  Rafael_BLE_MM32F032xx_s.lib(ll.o)
    0x08001204   0x08001204   0x0000001c   Code   RO         4450    i.HCLL_LE_Read_White_List_Size  Rafael_BLE_MM32F032xx_s.lib(ll.o)
    0x08001220   0x08001220   0x0000003c   Code   RO         4451    i.HCLL_LE_Read_ch_map  Rafael_BLE_MM32F032xx_s.lib(ll.o)
    0x0800125c   0x0800125c   0x00000002   Code   RO         4452    i.HCLL_LE_Read_supported_states  Rafael_BLE_MM32F032xx_s.lib(ll.o)
    0x0800125e   0x0800125e   0x00000002   Code   RO         4453    i.HCLL_LE_Receiver_test  Rafael_BLE_MM32F032xx_s.lib(ll.o)
    0x08001260   0x08001260   0x00000004   Code   RO         4454    i.HCLL_LE_Remote_conn_param_req_neg_reply  Rafael_BLE_MM32F032xx_s.lib(ll.o)
    0x08001264   0x08001264   0x00000004   Code   RO         4455    i.HCLL_LE_Remote_conn_param_req_reply  Rafael_BLE_MM32F032xx_s.lib(ll.o)
    0x08001268   0x08001268   0x00000070   Code   RO         4456    i.HCLL_LE_Rmv_Device_from_White_List  Rafael_BLE_MM32F032xx_s.lib(ll.o)
    0x080012d8   0x080012d8   0x00000064   Code   RO         4457    i.HCLL_LE_Set_Adv_Data  Rafael_BLE_MM32F032xx_s.lib(ll.o)
    0x0800133c   0x0800133c   0x000000a4   Code   RO         4458    i.HCLL_LE_Set_Adv_Param  Rafael_BLE_MM32F032xx_s.lib(ll.o)
    0x080013e0   0x080013e0   0x00000138   Code   RO         4459    i.HCLL_LE_Set_Advertise_Enable  Rafael_BLE_MM32F032xx_s.lib(ll.o)
    0x08001518   0x08001518   0x0000007c   Code   RO         4460    i.HCLL_LE_Set_Data_Length  Rafael_BLE_MM32F032xx_s.lib(ll.o)
    0x08001594   0x08001594   0x00000068   Code   RO         4461    i.HCLL_LE_Set_Default_Phy  Rafael_BLE_MM32F032xx_s.lib(ll.o)
    0x080015fc   0x080015fc   0x0000002c   Code   RO         4462    i.HCLL_LE_Set_Event_Mask  Rafael_BLE_MM32F032xx_s.lib(ll.o)
    0x08001628   0x08001628   0x00000002   Code   RO         4463    i.HCLL_LE_Set_Host_Ch_Classification  Rafael_BLE_MM32F032xx_s.lib(ll.o)
    0x0800162a   0x0800162a   0x00000002   PAD
    0x0800162c   0x0800162c   0x000000b0   Code   RO         4464    i.HCLL_LE_Set_Phy   Rafael_BLE_MM32F032xx_s.lib(ll.o)
    0x080016dc   0x080016dc   0x00000058   Code   RO         4465    i.HCLL_LE_Set_Random_Address  Rafael_BLE_MM32F032xx_s.lib(ll.o)
    0x08001734   0x08001734   0x00000064   Code   RO         4466    i.HCLL_LE_Set_Scan_Response_Data  Rafael_BLE_MM32F032xx_s.lib(ll.o)
    0x08001798   0x08001798   0x00000050   Code   RO         4467    i.HCLL_LE_Set_scan_enable  Rafael_BLE_MM32F032xx_s.lib(ll.o)
    0x080017e8   0x080017e8   0x00000094   Code   RO         4468    i.HCLL_LE_Set_scan_param  Rafael_BLE_MM32F032xx_s.lib(ll.o)
    0x0800187c   0x0800187c   0x00000024   Code   RO         4469    i.HCLL_LE_Start_encryption  Rafael_BLE_MM32F032xx_s.lib(ll.o)
    0x080018a0   0x080018a0   0x00000002   Code   RO         4470    i.HCLL_LE_Test_end  Rafael_BLE_MM32F032xx_s.lib(ll.o)
    0x080018a2   0x080018a2   0x00000002   Code   RO         4471    i.HCLL_LE_Transmitter_test  Rafael_BLE_MM32F032xx_s.lib(ll.o)
    0x080018a4   0x080018a4   0x00000030   Code   RO         4472    i.HCLL_Read_BD_Addr  Rafael_BLE_MM32F032xx_s.lib(ll.o)
    0x080018d4   0x080018d4   0x00000002   Code   RO         4473    i.HCLL_Read_Le_Host_Support  Rafael_BLE_MM32F032xx_s.lib(ll.o)
    0x080018d6   0x080018d6   0x00000002   PAD
    0x080018d8   0x080018d8   0x00000054   Code   RO         4474    i.HCLL_Read_Local_Supported_Cmd  Rafael_BLE_MM32F032xx_s.lib(ll.o)
    0x0800192c   0x0800192c   0x00000030   Code   RO         4475    i.HCLL_Read_Local_Supported_Feat  Rafael_BLE_MM32F032xx_s.lib(ll.o)
    0x0800195c   0x0800195c   0x00000030   Code   RO         4476    i.HCLL_Read_Local_Ver_Info  Rafael_BLE_MM32F032xx_s.lib(ll.o)
    0x0800198c   0x0800198c   0x00000030   Code   RO         4477    i.HCLL_Read_Remote_Ver_Info  Rafael_BLE_MM32F032xx_s.lib(ll.o)
    0x080019bc   0x080019bc   0x00000002   Code   RO         4478    i.HCLL_Read_Transmit_Pwr_Level  Rafael_BLE_MM32F032xx_s.lib(ll.o)
    0x080019be   0x080019be   0x00000002   Code   RO         4479    i.HCLL_Read_authen_payload_timeout  Rafael_BLE_MM32F032xx_s.lib(ll.o)
    0x080019c0   0x080019c0   0x00000002   Code   RO         4480    i.HCLL_Read_buffer_size  Rafael_BLE_MM32F032xx_s.lib(ll.o)
    0x080019c2   0x080019c2   0x00000002   PAD
    0x080019c4   0x080019c4   0x00000034   Code   RO         4481    i.HCLL_Read_rssi    Rafael_BLE_MM32F032xx_s.lib(ll.o)
    0x080019f8   0x080019f8   0x0000001a   Code   RO         4482    i.HCLL_Reset        Rafael_BLE_MM32F032xx_s.lib(ll.o)
    0x08001a12   0x08001a12   0x00000002   Code   RO         4483    i.HCLL_Set_Ctrler_to_Host_Flow_Ctrl  Rafael_BLE_MM32F032xx_s.lib(ll.o)
    0x08001a14   0x08001a14   0x0000003c   Code   RO         4484    i.HCLL_Set_Event_Mask  Rafael_BLE_MM32F032xx_s.lib(ll.o)
    0x08001a50   0x08001a50   0x00000024   Code   RO         4485    i.HCLL_Set_Event_Mask_Page_2  Rafael_BLE_MM32F032xx_s.lib(ll.o)
    0x08001a74   0x08001a74   0x00000002   Code   RO         4486    i.HCLL_Write_Le_Host_Support  Rafael_BLE_MM32F032xx_s.lib(ll.o)
    0x08001a76   0x08001a76   0x00000002   Code   RO         4487    i.HCLL_Write_authen_payload_timeout  Rafael_BLE_MM32F032xx_s.lib(ll.o)
    0x08001a78   0x08001a78   0x00000018   Code   RO         4344    i.HSPF_Att_Read     Rafael_BLE_MM32F032xx_s.lib(host.o)
    0x08001a90   0x08001a90   0x0000001c   Code   RO         4345    i.HSPF_Att_Write    Rafael_BLE_MM32F032xx_s.lib(host.o)
    0x08001aac   0x08001aac   0x00000024   Code   RO         4346    i.Host_Root         Rafael_BLE_MM32F032xx_s.lib(host.o)
    0x08001ad0   0x08001ad0   0x0000005c   Code   RO         4032    i.KernelInit        Rafael_BLE_MM32F032xx_s.lib(kernel.o)
    0x08001b2c   0x08001b2c   0x00000020   Code   RO         4033    i.Knl_CodeComp      Rafael_BLE_MM32F032xx_s.lib(kernel.o)
    0x08001b4c   0x08001b4c   0x00000012   Code   RO         4035    i.Knl_CodeCpy       Rafael_BLE_MM32F032xx_s.lib(kernel.o)
    0x08001b5e   0x08001b5e   0x0000001c   Code   RO         4037    i.Knl_CodeCpyInv_Isr  Rafael_BLE_MM32F032xx_s.lib(kernel.o)
    0x08001b7a   0x08001b7a   0x00000012   Code   RO         4038    i.Knl_CodeCpy_Isr   Rafael_BLE_MM32F032xx_s.lib(kernel.o)
    0x08001b8c   0x08001b8c   0x00000020   Code   RO         4039    i.Knl_MemComp       Rafael_BLE_MM32F032xx_s.lib(kernel.o)
    0x08001bac   0x08001bac   0x00000020   Code   RO         4040    i.Knl_MemComp_Isr   Rafael_BLE_MM32F032xx_s.lib(kernel.o)
    0x08001bcc   0x08001bcc   0x00000012   Code   RO         4041    i.Knl_MemCpy        Rafael_BLE_MM32F032xx_s.lib(kernel.o)
    0x08001bde   0x08001bde   0x0000001c   Code   RO         4042    i.Knl_MemCpyInv     Rafael_BLE_MM32F032xx_s.lib(kernel.o)
    0x08001bfa   0x08001bfa   0x0000001c   Code   RO         4043    i.Knl_MemCpyInv_Isr  Rafael_BLE_MM32F032xx_s.lib(kernel.o)
    0x08001c16   0x08001c16   0x00000018   Code   RO         4044    i.Knl_MemCpy_Fwd    Rafael_BLE_MM32F032xx_s.lib(kernel.o)
    0x08001c2e   0x08001c2e   0x00000012   Code   RO         4045    i.Knl_MemCpy_Isr    Rafael_BLE_MM32F032xx_s.lib(kernel.o)
    0x08001c40   0x08001c40   0x00000024   Code   RO         5914    i.L2CAP_Root        Rafael_BLE_MM32F032xx_s.lib(l2cap.o)
    0x08001c64   0x08001c64   0x000001cc   Code   RO         4488    i.LLEC_LE_CCM_Manual  Rafael_BLE_MM32F032xx_s.lib(ll.o)
    0x08001e30   0x08001e30   0x00000030   Code   RO         4489    i.LLEC_LE_Encrypt   Rafael_BLE_MM32F032xx_s.lib(ll.o)
    0x08001e60   0x08001e60   0x00000064   Code   RO         4490    i.LLEC_LE_Long_term_key_req_reply  Rafael_BLE_MM32F032xx_s.lib(ll.o)
    0x08001ec4   0x08001ec4   0x0000004c   Code   RO         4491    i.LLEC_LE_Rand      Rafael_BLE_MM32F032xx_s.lib(ll.o)
    0x08001f10   0x08001f10   0x0000008c   Code   RO         4492    i.LLEC_LE_Start_encryption  Rafael_BLE_MM32F032xx_s.lib(ll.o)
    0x08001f9c   0x08001f9c   0x0000001a   Code   RO         4493    i.LLHC_ERR_CODE_Invalid_Lmp_Parameters  Rafael_BLE_MM32F032xx_s.lib(ll.o)
    0x08001fb6   0x08001fb6   0x0000001a   Code   RO         4494    i.LLHC_ERR_CODE_Unknown_Hci_Command  Rafael_BLE_MM32F032xx_s.lib(ll.o)
    0x08001fd0   0x08001fd0   0x000003f8   Code   RO         4495    i.LLHC_LE_Ctrl_Pkt  Rafael_BLE_MM32F032xx_s.lib(ll.o)
    0x080023c8   0x080023c8   0x0000006c   Code   RO         4496    i.LLHeaderRdy_Isr   Rafael_BLE_MM32F032xx_s.lib(ll.o)
    0x08002434   0x08002434   0x0000000c   Code   RO         5259    i.LLTimeline_Get    Rafael_BLE_MM32F032xx_s.lib(rf_phy.o)
    0x08002440   0x08002440   0x00000118   Code   RO         4497    i.LLTimerFIFOGetSend_Isr  Rafael_BLE_MM32F032xx_s.lib(ll.o)
    0x08002558   0x08002558   0x00000fec   Code   RO         4498    i.LLTimer_Isr       Rafael_BLE_MM32F032xx_s.lib(ll.o)
    0x08003544   0x08003544   0x00000044   Code   RO         4499    i.LLTimer_TmrRefUpd_Isr  Rafael_BLE_MM32F032xx_s.lib(ll.o)
    0x08003588   0x08003588   0x00000298   Code   RO         4500    i.LLWTRFIFOGet_Isr  Rafael_BLE_MM32F032xx_s.lib(ll.o)
    0x08003820   0x08003820   0x00000024   Code   RO         4501    i.LLWTR_Buffer_nAck_Isr  Rafael_BLE_MM32F032xx_s.lib(ll.o)
    0x08003844   0x08003844   0x0000006c   Code   RO         4502    i.LLWTR_Buffer_wAck_Isr  Rafael_BLE_MM32F032xx_s.lib(ll.o)
    0x080038b0   0x080038b0   0x00000900   Code   RO         4503    i.LLWTR_Isr         Rafael_BLE_MM32F032xx_s.lib(ll.o)
    0x080041b0   0x080041b0   0x00000058   Code   RO         4504    i.LLWTR_MDset       Rafael_BLE_MM32F032xx_s.lib(ll.o)
    0x08004208   0x08004208   0x00000418   Code   RO         4505    i.LLWTR_Rx2Hc       Rafael_BLE_MM32F032xx_s.lib(ll.o)
    0x08004620   0x08004620   0x00000016   Code   RO         4506    i.LLWTR_TxEndRpt    Rafael_BLE_MM32F032xx_s.lib(ll.o)
    0x08004636   0x08004636   0x00000002   PAD
    0x08004638   0x08004638   0x00000310   Code   RO         4507    i.LL_Buffer_To_FIFO_Isr  Rafael_BLE_MM32F032xx_s.lib(ll.o)
    0x08004948   0x08004948   0x00000018   Code   RO         4508    i.LL_CheckConnExist  Rafael_BLE_MM32F032xx_s.lib(ll.o)
    0x08004960   0x08004960   0x00000098   Code   RO         4509    i.LL_Data2ConnTxFIFO  Rafael_BLE_MM32F032xx_s.lib(ll.o)
    0x080049f8   0x080049f8   0x0000007c   Code   RO         4510    i.LL_Data2ConnTxFIFO_smp  Rafael_BLE_MM32F032xx_s.lib(ll.o)
    0x08004a74   0x08004a74   0x00000054   Code   RO         4511    i.LL_Data2ConnTxFIFO_smp_Isr  Rafael_BLE_MM32F032xx_s.lib(ll.o)
    0x08004ac8   0x08004ac8   0x00000078   Code   RO         4512    i.LL_EventCounter_Map_Upd  Rafael_BLE_MM32F032xx_s.lib(ll.o)
    0x08004b40   0x08004b40   0x000000d8   Code   RO         4513    i.LL_GPIO_Isr       Rafael_BLE_MM32F032xx_s.lib(ll.o)
    0x08004c18   0x08004c18   0x0000001c   Code   RO         4514    i.LL_GetSlaveFreeConnID  Rafael_BLE_MM32F032xx_s.lib(ll.o)
    0x08004c34   0x08004c34   0x00000020   Code   RO         4515    i.LL_MsgBlk_LL_conn_Para_Rls  Rafael_BLE_MM32F032xx_s.lib(ll.o)
    0x08004c54   0x08004c54   0x00000038   Code   RO         4516    i.LL_Msg_CTRL_PKT   Rafael_BLE_MM32F032xx_s.lib(ll.o)
    0x08004c8c   0x08004c8c   0x00000038   Code   RO         4517    i.LL_Msg_CTRL_PKT_Isr  Rafael_BLE_MM32F032xx_s.lib(ll.o)
    0x08004cc4   0x08004cc4   0x0000001a   Code   RO         4518    i.LL_Msg_Event_Disconn_Complete  Rafael_BLE_MM32F032xx_s.lib(ll.o)
    0x08004cde   0x08004cde   0x0000001e   Code   RO         4519    i.LL_Msg_Event_Encrypt_Change  Rafael_BLE_MM32F032xx_s.lib(ll.o)
    0x08004cfc   0x08004cfc   0x0000001e   Code   RO         4520    i.LL_Msg_Event_Le_Data_Length_Change  Rafael_BLE_MM32F032xx_s.lib(ll.o)
    0x08004d1a   0x08004d1a   0x00000020   Code   RO         4521    i.LL_Msg_Event_Le_PHY_Update_Complete  Rafael_BLE_MM32F032xx_s.lib(ll.o)
    0x08004d3a   0x08004d3a   0x0000001a   Code   RO         4522    i.LL_Msg_Event_Status  Rafael_BLE_MM32F032xx_s.lib(ll.o)
    0x08004d54   0x08004d54   0x00000016   Code   RO         4523    i.LL_Msg_Map_Upd    Rafael_BLE_MM32F032xx_s.lib(ll.o)
    0x08004d6a   0x08004d6a   0x00000002   PAD
    0x08004d6c   0x08004d6c   0x00000018   Code   RO         4524    i.LL_NextConnCh     Rafael_BLE_MM32F032xx_s.lib(ll.o)
    0x08004d84   0x08004d84   0x000000a8   Code   RO         4525    i.LL_Queue_To_Buffer_Isr  Rafael_BLE_MM32F032xx_s.lib(ll.o)
    0x08004e2c   0x08004e2c   0x000000e0   Code   RO         4526    i.LL_ReleaseConnID  Rafael_BLE_MM32F032xx_s.lib(ll.o)
    0x08004f0c   0x08004f0c   0x000000f4   Code   RO         4527    i.LL_ReleaseConnID_Isr  Rafael_BLE_MM32F032xx_s.lib(ll.o)
    0x08005000   0x08005000   0x00000054   Code   RO         4528    i.LL_RfChRemap      Rafael_BLE_MM32F032xx_s.lib(ll.o)
    0x08005054   0x08005054   0x00000024   Code   RO         4529    i.LL_Root           Rafael_BLE_MM32F032xx_s.lib(ll.o)
    0x08005078   0x08005078   0x00000054   Code   RO         4530    i.LL_RxEnter_Isr    Rafael_BLE_MM32F032xx_s.lib(ll.o)
    0x080050cc   0x080050cc   0x0000001c   Code   RO         4532    i.LL_Slv_Win_Width_Incr  Rafael_BLE_MM32F032xx_s.lib(ll.o)
    0x080050e8   0x080050e8   0x00000024   Code   RO         4533    i.LL_Slv_Win_Width_Reset  Rafael_BLE_MM32F032xx_s.lib(ll.o)
    0x0800510c   0x0800510c   0x00000030   Code   RO         4534    i.LL_SvPrToutAccu_Incr  Rafael_BLE_MM32F032xx_s.lib(ll.o)
    0x0800513c   0x0800513c   0x0000002c   Code   RO         4535    i.LL_TmrBlk_Pt_PairRst  Rafael_BLE_MM32F032xx_s.lib(ll.o)
    0x08005168   0x08005168   0x0000003c   Code   RO         4536    i.LL_TmrBlk_Rls     Rafael_BLE_MM32F032xx_s.lib(ll.o)
    0x080051a4   0x080051a4   0x00000024   Code   RO         4537    i.LL_TmrBlk_Rls_NxtIntvl  Rafael_BLE_MM32F032xx_s.lib(ll.o)
    0x080051c8   0x080051c8   0x0000004c   Code   RO         4538    i.LL_TmrBlk_Rls_Pair  Rafael_BLE_MM32F032xx_s.lib(ll.o)
    0x08005214   0x08005214   0x00000080   Code   RO         4539    i.LL_Tmr_FIFO_ADVrpt  Rafael_BLE_MM32F032xx_s.lib(ll.o)
    0x08005294   0x08005294   0x00000058   Code   RO         4540    i.LL_TxEnter_Isr    Rafael_BLE_MM32F032xx_s.lib(ll.o)
    0x080052ec   0x080052ec   0x00000044   Code   RO         4541    i.LL_smp_SKD_IV_genIn  Rafael_BLE_MM32F032xx_s.lib(ll.o)
    0x08005330   0x08005330   0x0000003a   Code   RO          609    i.MCU_GpioIntDisable  porting_misc.o
    0x0800536a   0x0800536a   0x0000003e   Code   RO          610    i.MCU_GpioIntEnable  porting_misc.o
    0x080053a8   0x080053a8   0x0000002c   Code   RO          611    i.MCU_GpioPinInit   porting_misc.o
    0x080053d4   0x080053d4   0x00000004   Code   RO         4542    i.MEC_HCI_Null      Rafael_BLE_MM32F032xx_s.lib(ll.o)
    0x080053d8   0x080053d8   0x0000021c   Code   RO         3971    i.MHC_Callback      Rafael_BLE_MM32F032xx_s.lib(ble_event.o)
    0x080055f4   0x080055f4   0x00000002   Code   RO         5689    i.MHC_Event_Authen_Payload_Timeout_Expired  Rafael_BLE_MM32F032xx_s.lib(hci.o)
    0x080055f6   0x080055f6   0x00000002   PAD
    0x080055f8   0x080055f8   0x00000098   Code   RO         5690    i.MHC_Event_Cmd_Complete  Rafael_BLE_MM32F032xx_s.lib(hci.o)
    0x08005690   0x08005690   0x00000014   Code   RO         5691    i.MHC_Event_Cmd_Status  Rafael_BLE_MM32F032xx_s.lib(hci.o)
    0x080056a4   0x080056a4   0x00000002   Code   RO         5692    i.MHC_Event_Data_Buffer_Overflow  Rafael_BLE_MM32F032xx_s.lib(hci.o)
    0x080056a6   0x080056a6   0x00000002   PAD
    0x080056a8   0x080056a8   0x00000024   Code   RO         5693    i.MHC_Event_Disconn_Complete  Rafael_BLE_MM32F032xx_s.lib(hci.o)
    0x080056cc   0x080056cc   0x000000f8   Code   RO         5694    i.MHC_Event_Encrypt_Change  Rafael_BLE_MM32F032xx_s.lib(hci.o)
    0x080057c4   0x080057c4   0x00000058   Code   RO         5695    i.MHC_Event_Encrypt_Key_Refresh_Complete  Rafael_BLE_MM32F032xx_s.lib(hci.o)
    0x0800581c   0x0800581c   0x00000004   Code   RO         5696    i.MHC_Event_HCI_Raw  Rafael_BLE_MM32F032xx_s.lib(hci.o)
    0x08005820   0x08005820   0x00000002   Code   RO         5697    i.MHC_Event_Hardware_Error  Rafael_BLE_MM32F032xx_s.lib(hci.o)
    0x08005822   0x08005822   0x00000002   PAD
    0x08005824   0x08005824   0x00000028   Code   RO         5698    i.MHC_Event_Le_Adv_Report  Rafael_BLE_MM32F032xx_s.lib(hci.o)
    0x0800584c   0x0800584c   0x0000007c   Code   RO         5699    i.MHC_Event_Le_Conn_Complete  Rafael_BLE_MM32F032xx_s.lib(hci.o)
    0x080058c8   0x080058c8   0x0000002c   Code   RO         5700    i.MHC_Event_Le_Conn_Update_Complete  Rafael_BLE_MM32F032xx_s.lib(hci.o)
    0x080058f4   0x080058f4   0x00000028   Code   RO         5701    i.MHC_Event_Le_Data_Length_Change  Rafael_BLE_MM32F032xx_s.lib(hci.o)
    0x0800591c   0x0800591c   0x000000e8   Code   RO         5702    i.MHC_Event_Le_Long_Term_Key_Req  Rafael_BLE_MM32F032xx_s.lib(hci.o)
    0x08005a04   0x08005a04   0x00000028   Code   RO         5703    i.MHC_Event_Le_PHY_Update_Complete  Rafael_BLE_MM32F032xx_s.lib(hci.o)
    0x08005a2c   0x08005a2c   0x0000001c   Code   RO         5704    i.MHC_Event_Le_Read_Remote_Used_Features_Complete  Rafael_BLE_MM32F032xx_s.lib(hci.o)
    0x08005a48   0x08005a48   0x0000000c   Code   RO         5705    i.MHC_Event_Le_Remote_Conn_param_Req_Event  Rafael_BLE_MM32F032xx_s.lib(hci.o)
    0x08005a54   0x08005a54   0x0000000e   Code   RO         5706    i.MHC_Event_Le_Wait_Passkey_Confrim  Rafael_BLE_MM32F032xx_s.lib(hci.o)
    0x08005a62   0x08005a62   0x00000002   Code   RO         5707    i.MHC_Event_Null    Rafael_BLE_MM32F032xx_s.lib(hci.o)
    0x08005a64   0x08005a64   0x00000004   Code   RO         5708    i.MHC_Event_Num_Of_Completed_Pckts  Rafael_BLE_MM32F032xx_s.lib(hci.o)
    0x08005a68   0x08005a68   0x00000010   Code   RO         5709    i.MHC_Event_Read_Remote_Ver_Info_Complete  Rafael_BLE_MM32F032xx_s.lib(hci.o)
    0x08005a78   0x08005a78   0x0000000e   Code   RO         5710    i.MHC_Event_STK_Gen_Method  Rafael_BLE_MM32F032xx_s.lib(hci.o)
    0x08005a86   0x08005a86   0x0000000e   Code   RO         5711    i.MHC_Evnet_Auth_Status  Rafael_BLE_MM32F032xx_s.lib(hci.o)
    0x08005a94   0x08005a94   0x00000044   Code   RO         5712    i.MHC_LE_ACL_Data_Pkt  Rafael_BLE_MM32F032xx_s.lib(hci.o)
    0x08005ad8   0x08005ad8   0x00000004   Code   RO         5713    i.MHC_LE_ACL_Data_Pkt_Extend  Rafael_BLE_MM32F032xx_s.lib(hci.o)
    0x08005adc   0x08005adc   0x00000002   Code   RO         4347    i.MHS_Event_Null    Rafael_BLE_MM32F032xx_s.lib(host.o)
    0x08005ade   0x08005ade   0x00000002   Code   RO         5915    i.ML2CAP_Event_Null  Rafael_BLE_MM32F032xx_s.lib(l2cap.o)
    0x08005ae0   0x08005ae0   0x00000004   Code   RO         4543    i.MLL_HCI_Null      Rafael_BLE_MM32F032xx_s.lib(ll.o)
    0x08005ae4   0x08005ae4   0x00000004   Code   RO         4544    i.MLL_LE_Ctrl_Pkt   Rafael_BLE_MM32F032xx_s.lib(ll.o)
    0x08005ae8   0x08005ae8   0x00000018   Code   RO         4545    i.MLL_LL_CHN_Map_Upd  Rafael_BLE_MM32F032xx_s.lib(ll.o)
    0x08005b00   0x08005b00   0x0000001c   Code   RO         4546    i.MLL_LL_Enc_Req    Rafael_BLE_MM32F032xx_s.lib(ll.o)
    0x08005b1c   0x08005b1c   0x00000050   Code   RO         1926    i.NVIC_Init         hal_misc.o
    0x08005b6c   0x08005b6c   0x00000044   Code   RO          502    i.NVIC_SetPriority  systick.o
    0x08005bb0   0x08005bb0   0x00000036   Code   RO         5964    i.PassEC_BLE_CODE_SMP  Rafael_BLE_MM32F032xx_s.lib(mmi.o)
    0x08005be6   0x08005be6   0x00000002   PAD
    0x08005be8   0x08005be8   0x00000024   Code   RO         5965    i.Prcss_BLE_CODE_SMP_Encryption_Information  Rafael_BLE_MM32F032xx_s.lib(mmi.o)
    0x08005c0c   0x08005c0c   0x00000004   Code   RO         5966    i.Prcss_BLE_CODE_SMP_Identity_Address_Information  Rafael_BLE_MM32F032xx_s.lib(mmi.o)
    0x08005c10   0x08005c10   0x00000024   Code   RO         5967    i.Prcss_BLE_CODE_SMP_Identity_Information  Rafael_BLE_MM32F032xx_s.lib(mmi.o)
    0x08005c34   0x08005c34   0x0000003c   Code   RO         5968    i.Prcss_BLE_CODE_SMP_Master_Identification  Rafael_BLE_MM32F032xx_s.lib(mmi.o)
    0x08005c70   0x08005c70   0x00000068   Code   RO         5969    i.Prcss_BLE_CODE_SMP_Pairing_Confirm  Rafael_BLE_MM32F032xx_s.lib(mmi.o)
    0x08005cd8   0x08005cd8   0x00000034   Code   RO         5970    i.Prcss_BLE_CODE_SMP_Pairing_Failed  Rafael_BLE_MM32F032xx_s.lib(mmi.o)
    0x08005d0c   0x08005d0c   0x0000001c   Code   RO         5971    i.Prcss_BLE_CODE_SMP_Pairing_Random  Rafael_BLE_MM32F032xx_s.lib(mmi.o)
    0x08005d28   0x08005d28   0x00000100   Code   RO         5972    i.Prcss_BLE_CODE_SMP_Pairing_Request  Rafael_BLE_MM32F032xx_s.lib(mmi.o)
    0x08005e28   0x08005e28   0x00000004   Code   RO         5973    i.Prcss_BLE_CODE_SMP_Pairing_Response  Rafael_BLE_MM32F032xx_s.lib(mmi.o)
    0x08005e2c   0x08005e2c   0x00000004   Code   RO         5974    i.Prcss_BLE_CODE_SMP_Reserved  Rafael_BLE_MM32F032xx_s.lib(mmi.o)
    0x08005e30   0x08005e30   0x00000004   Code   RO         5975    i.Prcss_BLE_CODE_SMP_Security_Request  Rafael_BLE_MM32F032xx_s.lib(mmi.o)
    0x08005e34   0x08005e34   0x00000024   Code   RO         5976    i.Prcss_BLE_CODE_SMP_Signing_Information  Rafael_BLE_MM32F032xx_s.lib(mmi.o)
    0x08005e58   0x08005e58   0x00000004   Code   RO         5977    i.Prcss_L2CAP_CID_AMP_MANAGER_PROTOCOL  Rafael_BLE_MM32F032xx_s.lib(mmi.o)
    0x08005e5c   0x08005e5c   0x00000070   Code   RO         5978    i.Prcss_L2CAP_CID_ATTRIBUTE_PROTOCOL  Rafael_BLE_MM32F032xx_s.lib(mmi.o)
    0x08005ecc   0x08005ecc   0x00000004   Code   RO         5979    i.Prcss_L2CAP_CID_CONNECTIONLESS_CHANNEL  Rafael_BLE_MM32F032xx_s.lib(mmi.o)
    0x08005ed0   0x08005ed0   0x00000004   Code   RO         5980    i.Prcss_L2CAP_CID_L2CAP_SIGNALING_CHANNEL  Rafael_BLE_MM32F032xx_s.lib(mmi.o)
    0x08005ed4   0x08005ed4   0x00000068   Code   RO         5981    i.Prcss_L2CAP_CID_LE_L2CAP_SIGNALING_CHANNEL  Rafael_BLE_MM32F032xx_s.lib(mmi.o)
    0x08005f3c   0x08005f3c   0x00000004   Code   RO         5982    i.Prcss_L2CAP_CID_NULL_IDENTIFIER  Rafael_BLE_MM32F032xx_s.lib(mmi.o)
    0x08005f40   0x08005f40   0x0000002c   Code   RO         5983    i.Prcss_L2CAP_CID_SECURITY_MANAGER_PROTOCOL  Rafael_BLE_MM32F032xx_s.lib(mmi.o)
    0x08005f6c   0x08005f6c   0x00000004   Code   RO         5984    i.Prcss_OPCODE_ATT_Error_Response  Rafael_BLE_MM32F032xx_s.lib(mmi.o)
    0x08005f70   0x08005f70   0x00000054   Code   RO         5985    i.Prcss_OPCODE_ATT_Exchange_MTU_Request  Rafael_BLE_MM32F032xx_s.lib(mmi.o)
    0x08005fc4   0x08005fc4   0x00000030   Code   RO         5986    i.Prcss_OPCODE_ATT_Exchange_MTU_Response  Rafael_BLE_MM32F032xx_s.lib(mmi.o)
    0x08005ff4   0x08005ff4   0x00000104   Code   RO         5987    i.Prcss_OPCODE_ATT_Execute_Write_Request  Rafael_BLE_MM32F032xx_s.lib(mmi.o)
    0x080060f8   0x080060f8   0x00000004   Code   RO         5988    i.Prcss_OPCODE_ATT_Execute_Write_Response  Rafael_BLE_MM32F032xx_s.lib(mmi.o)
    0x080060fc   0x080060fc   0x00000160   Code   RO         5989    i.Prcss_OPCODE_ATT_Find_By_Type_Value_Request  Rafael_BLE_MM32F032xx_s.lib(mmi.o)
    0x0800625c   0x0800625c   0x00000004   Code   RO         5990    i.Prcss_OPCODE_ATT_Find_By_Type_Value_Response  Rafael_BLE_MM32F032xx_s.lib(mmi.o)
    0x08006260   0x08006260   0x00000178   Code   RO         5991    i.Prcss_OPCODE_ATT_Find_Information_Request  Rafael_BLE_MM32F032xx_s.lib(mmi.o)
    0x080063d8   0x080063d8   0x00000004   Code   RO         5992    i.Prcss_OPCODE_ATT_Find_Information_Response  Rafael_BLE_MM32F032xx_s.lib(mmi.o)
    0x080063dc   0x080063dc   0x00000010   Code   RO         5993    i.Prcss_OPCODE_ATT_Handle_Value_Confirmation  Rafael_BLE_MM32F032xx_s.lib(mmi.o)
    0x080063ec   0x080063ec   0x00000004   Code   RO         5994    i.Prcss_OPCODE_ATT_Handle_Value_Indication  Rafael_BLE_MM32F032xx_s.lib(mmi.o)
    0x080063f0   0x080063f0   0x00000004   Code   RO         5995    i.Prcss_OPCODE_ATT_Handle_Value_Notification  Rafael_BLE_MM32F032xx_s.lib(mmi.o)
    0x080063f4   0x080063f4   0x00000004   Code   RO         5996    i.Prcss_OPCODE_ATT_NULL  Rafael_BLE_MM32F032xx_s.lib(mmi.o)
    0x080063f8   0x080063f8   0x00000120   Code   RO         5997    i.Prcss_OPCODE_ATT_Prepare_Write_Request  Rafael_BLE_MM32F032xx_s.lib(mmi.o)
    0x08006518   0x08006518   0x00000004   Code   RO         5998    i.Prcss_OPCODE_ATT_Prepare_Write_Response  Rafael_BLE_MM32F032xx_s.lib(mmi.o)
    0x0800651c   0x0800651c   0x00000158   Code   RO         5999    i.Prcss_OPCODE_ATT_Read_Blob_Request  Rafael_BLE_MM32F032xx_s.lib(mmi.o)
    0x08006674   0x08006674   0x00000004   Code   RO         6000    i.Prcss_OPCODE_ATT_Read_Blob_Response  Rafael_BLE_MM32F032xx_s.lib(mmi.o)
    0x08006678   0x08006678   0x00000278   Code   RO         6001    i.Prcss_OPCODE_ATT_Read_By_Type_Request  Rafael_BLE_MM32F032xx_s.lib(mmi.o)
    0x080068f0   0x080068f0   0x00000004   Code   RO         6002    i.Prcss_OPCODE_ATT_Read_By_Type_Response  Rafael_BLE_MM32F032xx_s.lib(mmi.o)
    0x080068f4   0x080068f4   0x00000024   Code   RO         6003    i.Prcss_OPCODE_ATT_Read_Multiple_Request  Rafael_BLE_MM32F032xx_s.lib(mmi.o)
    0x08006918   0x08006918   0x00000004   Code   RO         6004    i.Prcss_OPCODE_ATT_Read_Multiple_Response  Rafael_BLE_MM32F032xx_s.lib(mmi.o)
    0x0800691c   0x0800691c   0x00000130   Code   RO         6005    i.Prcss_OPCODE_ATT_Read_Request  Rafael_BLE_MM32F032xx_s.lib(mmi.o)
    0x08006a4c   0x08006a4c   0x00000004   Code   RO         6006    i.Prcss_OPCODE_ATT_Read_Response  Rafael_BLE_MM32F032xx_s.lib(mmi.o)
    0x08006a50   0x08006a50   0x000002f4   Code   RO         6007    i.Prcss_OPCODE_ATT_Read_by_Group_Type_Request  Rafael_BLE_MM32F032xx_s.lib(mmi.o)
    0x08006d44   0x08006d44   0x00000004   Code   RO         6008    i.Prcss_OPCODE_ATT_Read_by_Group_Type_Response  Rafael_BLE_MM32F032xx_s.lib(mmi.o)
    0x08006d48   0x08006d48   0x00000004   Code   RO         6009    i.Prcss_OPCODE_ATT_Signed_Write_Command  Rafael_BLE_MM32F032xx_s.lib(mmi.o)
    0x08006d4c   0x08006d4c   0x000000e4   Code   RO         6010    i.Prcss_OPCODE_ATT_Write_Command  Rafael_BLE_MM32F032xx_s.lib(mmi.o)
    0x08006e30   0x08006e30   0x00000128   Code   RO         6011    i.Prcss_OPCODE_ATT_Write_Request  Rafael_BLE_MM32F032xx_s.lib(mmi.o)
    0x08006f58   0x08006f58   0x0000000c   Code   RO         6012    i.Prcss_OPCODE_ATT_Write_Response  Rafael_BLE_MM32F032xx_s.lib(mmi.o)
    0x08006f64   0x08006f64   0x00000018   Code   RO         2042    i.RCC_AHBPeriphClockCmd  hal_rcc.o
    0x08006f7c   0x08006f7c   0x00000018   Code   RO         2044    i.RCC_APB1PeriphClockCmd  hal_rcc.o
    0x08006f94   0x08006f94   0x00000018   Code   RO         2046    i.RCC_APB2PeriphClockCmd  hal_rcc.o
    0x08006fac   0x08006fac   0x00000020   Code   RO         2055    i.RCC_GetHCLKFreq   hal_rcc.o
    0x08006fcc   0x08006fcc   0x00000020   Code   RO         2057    i.RCC_GetPCLK1Freq  hal_rcc.o
    0x08006fec   0x08006fec   0x00000020   Code   RO         2058    i.RCC_GetPCLK2Freq  hal_rcc.o
    0x0800700c   0x0800700c   0x00000048   Code   RO         2060    i.RCC_GetSysClockFreq  hal_rcc.o
    0x08007054   0x08007054   0x0000001c   Code   RO         5261    i.RF_CCM_AES_Mode_set  Rafael_BLE_MM32F032xx_s.lib(rf_phy.o)
    0x08007070   0x08007070   0x0000000e   Code   RO         5262    i.RF_CRCInit        Rafael_BLE_MM32F032xx_s.lib(rf_phy.o)
    0x0800707e   0x0800707e   0x00000014   Code   RO         5263    i.RF_CRCchk         Rafael_BLE_MM32F032xx_s.lib(rf_phy.o)
    0x08007092   0x08007092   0x00000002   PAD
    0x08007094   0x08007094   0x0000002c   Code   RO         5264    i.RF_DC_Rstr_Isr    Rafael_BLE_MM32F032xx_s.lib(rf_phy.o)
    0x080070c0   0x080070c0   0x00000070   Code   RO         5267    i.RF_Get_LastRssi   Rafael_BLE_MM32F032xx_s.lib(rf_phy.o)
    0x08007130   0x08007130   0x00000010   Code   RO         5269    i.RF_Header_Rdy_intOn  Rafael_BLE_MM32F032xx_s.lib(rf_phy.o)
    0x08007140   0x08007140   0x00000168   Code   RO         5270    i.RF_Init           Rafael_BLE_MM32F032xx_s.lib(rf_phy.o)
    0x080072a8   0x080072a8   0x00000014   Code   RO         5271    i.RF_IntReset       Rafael_BLE_MM32F032xx_s.lib(rf_phy.o)
    0x080072bc   0x080072bc   0x00000018   Code   RO         5273    i.RF_LE_HeaderStsLen_Tx  Rafael_BLE_MM32F032xx_s.lib(rf_phy.o)
    0x080072d4   0x080072d4   0x00000068   Code   RO           75    i.RF_Open           main.o
    0x0800733c   0x0800733c   0x0000000e   Code   RO         5274    i.RF_PLL_VCO_Bank_set  Rafael_BLE_MM32F032xx_s.lib(rf_phy.o)
    0x0800734a   0x0800734a   0x00000002   PAD
    0x0800734c   0x0800734c   0x00000044   Code   RO         5275    i.RF_PowerSaving_En_Isr  Rafael_BLE_MM32F032xx_s.lib(rf_phy.o)
    0x08007390   0x08007390   0x0000000c   Code   RO         5278    i.RF_RxLengthLimit  Rafael_BLE_MM32F032xx_s.lib(rf_phy.o)
    0x0800739c   0x0800739c   0x00000010   Code   RO         5279    i.RF_Set_TxPowerLevel_Isr  Rafael_BLE_MM32F032xx_s.lib(rf_phy.o)
    0x080073ac   0x080073ac   0x0000009c   Code   RO          615    i.RF_SpiIoMapping   porting_misc.o
    0x08007448   0x08007448   0x00000034   Code   RO         5280    i.RF_SymbolRate_Patch_1M_2M  Rafael_BLE_MM32F032xx_s.lib(rf_phy.o)
    0x0800747c   0x0800747c   0x00000024   Code   RO         5281    i.RF_SymbolRate_set  Rafael_BLE_MM32F032xx_s.lib(rf_phy.o)
    0x080074a0   0x080074a0   0x000000e0   Code   RO         5285    i.RF_Tmr_Periodic_initial  Rafael_BLE_MM32F032xx_s.lib(rf_phy.o)
    0x08007580   0x08007580   0x0000005c   Code   RO         5286    i.RF_Tmr_Periodic_set_ISR  Rafael_BLE_MM32F032xx_s.lib(rf_phy.o)
    0x080075dc   0x080075dc   0x00000018   Code   RO         5287    i.RF_TxAutoAckOff   Rafael_BLE_MM32F032xx_s.lib(rf_phy.o)
    0x080075f4   0x080075f4   0x00000018   Code   RO         5288    i.RF_TxAutoAckOn    Rafael_BLE_MM32F032xx_s.lib(rf_phy.o)
    0x0800760c   0x0800760c   0x00000018   Code   RO         5289    i.RF_TxFIFO_ADVData_set  Rafael_BLE_MM32F032xx_s.lib(rf_phy.o)
    0x08007624   0x08007624   0x00000018   Code   RO         5290    i.RF_TxFIFO_ADVaddr_set  Rafael_BLE_MM32F032xx_s.lib(rf_phy.o)
    0x0800763c   0x0800763c   0x00000020   Code   RO         5291    i.RF_TxFIFO_LeData_set  Rafael_BLE_MM32F032xx_s.lib(rf_phy.o)
    0x0800765c   0x0800765c   0x0000001c   Code   RO         5292    i.RF_TxFIFO_LeData_wIdx_set  Rafael_BLE_MM32F032xx_s.lib(rf_phy.o)
    0x08007678   0x08007678   0x0000001c   Code   RO         5293    i.RF_TxFIFO_OriginAddr_set  Rafael_BLE_MM32F032xx_s.lib(rf_phy.o)
    0x08007694   0x08007694   0x00000068   Code   RO         5294    i.RF_Voltage_Det    Rafael_BLE_MM32F032xx_s.lib(rf_phy.o)
    0x080076fc   0x080076fc   0x00000014   Code   RO         5295    i.RF_WTR_EnChk      Rafael_BLE_MM32F032xx_s.lib(rf_phy.o)
    0x08007710   0x08007710   0x00000018   Code   RO         5298    i.RF_WTR_intOff     Rafael_BLE_MM32F032xx_s.lib(rf_phy.o)
    0x08007728   0x08007728   0x00000018   Code   RO         5299    i.RF_WTR_intOn      Rafael_BLE_MM32F032xx_s.lib(rf_phy.o)
    0x08007740   0x08007740   0x0000003c   Code   RO         4547    i.RF_cmpFIFO_BDAddr  Rafael_BLE_MM32F032xx_s.lib(ll.o)
    0x0800777c   0x0800777c   0x00000044   Code   RO         4548    i.RF_cmpFIFO_WhiteList  Rafael_BLE_MM32F032xx_s.lib(ll.o)
    0x080077c0   0x080077c0   0x00000024   Code   RO         4046    i.RcvMsgBlk         Rafael_BLE_MM32F032xx_s.lib(kernel.o)
    0x080077e4   0x080077e4   0x0000000c   Code   RO         5916    i.Rls_L2CAP_Buf     Rafael_BLE_MM32F032xx_s.lib(l2cap.o)
    0x080077f0   0x080077f0   0x00000034   Code   RO         6013    i.SMEC_LE_CODE_SMP_Pairing_Confirm  Rafael_BLE_MM32F032xx_s.lib(mmi.o)
    0x08007824   0x08007824   0x000000a0   Code   RO         6014    i.SMEC_LE_CODE_SMP_Pairing_Random  Rafael_BLE_MM32F032xx_s.lib(mmi.o)
    0x080078c4   0x080078c4   0x00000090   Code   RO         6015    i.SMEC_LE_SMP_Key_Gen  Rafael_BLE_MM32F032xx_s.lib(mmi.o)
    0x08007954   0x08007954   0x00000058   Code   RO          699    i.SPI_1BYT_SetRx    porting_spi.o
    0x080079ac   0x080079ac   0x00000064   Code   RO          700    i.SPI_1BYT_SetRx_Isr  porting_spi.o
    0x08007a10   0x08007a10   0x0000004c   Code   RO          701    i.SPI_1BYT_SetTx    porting_spi.o
    0x08007a5c   0x08007a5c   0x00000048   Code   RO          702    i.SPI_1BYT_SetTx_Isr  porting_spi.o
    0x08007aa4   0x08007aa4   0x0000006c   Code   RO          703    i.SPI_2BYT_SetTx_Isr  porting_spi.o
    0x08007b10   0x08007b10   0x0000002e   Code   RO         2416    i.SPI_BiDirectionalLineConfig  hal_spi.o
    0x08007b3e   0x08007b3e   0x00000014   Code   RO         2417    i.SPI_CSInternalSelected  hal_spi.o
    0x08007b52   0x08007b52   0x00000014   Code   RO         2419    i.SPI_Cmd           hal_spi.o
    0x08007b66   0x08007b66   0x00000014   Code   RO         2420    i.SPI_DMACmd        hal_spi.o
    0x08007b7a   0x08007b7a   0x00000002   PAD
    0x08007b7c   0x08007b7c   0x00000038   Code   RO          616    i.SPI_GPIO_Init     porting_misc.o
    0x08007bb4   0x08007bb4   0x0000006e   Code   RO         2427    i.SPI_Init          hal_spi.o
    0x08007c22   0x08007c22   0x00000002   PAD
    0x08007c24   0x08007c24   0x0000006c   Code   RO          704    i.SPI_PDMA_SetRx_Isr  porting_spi.o
    0x08007c90   0x08007c90   0x00000074   Code   RO          705    i.SPI_PDMA_SetTx    porting_spi.o
    0x08007d04   0x08007d04   0x00000004   Code   RO          706    i.SPI_PDMA_waitFinish  porting_spi.o
    0x08007d08   0x08007d08   0x0000001a   Code   RO         2433    i.SPI_StructInit    hal_spi.o
    0x08007d22   0x08007d22   0x00000002   PAD
    0x08007d24   0x08007d24   0x00000164   Code   RO          410    i.SPIx_Configure    spi.o
    0x08007e88   0x08007e88   0x00000120   Code   RO          411    i.SPIx_DMA_Configure  spi.o
    0x08007fa8   0x08007fa8   0x00000030   Code   RO          412    i.SPIx_DMA_InterruptConfigure  spi.o
    0x08007fd8   0x08007fd8   0x000000d8   Code   RO          413    i.SPIx_DMA_RxData   spi.o
    0x080080b0   0x080080b0   0x000000cc   Code   RO          414    i.SPIx_DMA_TxData   spi.o
    0x0800817c   0x0800817c   0x00000044   Code   RO          415    i.SPIx_ReadWriteByte  spi.o
    0x080081c0   0x080081c0   0x0000000a   Code   RO          416    i.SPIx_WriteByte    spi.o
    0x080081ca   0x080081ca   0x00000002   PAD
    0x080081cc   0x080081cc   0x000000d0   Code   RO            4    i.SetSysClockTo48   system_mm32f032xx_s.o
    0x0800829c   0x0800829c   0x00000020   Code   RO         4047    i.SndMsgBlk         Rafael_BLE_MM32F032xx_s.lib(kernel.o)
    0x080082bc   0x080082bc   0x0000001c   Code   RO         4549    i.SndMsgBlkEC       Rafael_BLE_MM32F032xx_s.lib(ll.o)
    0x080082d8   0x080082d8   0x0000001c   Code   RO         4048    i.SndMsgBlk_Isr     Rafael_BLE_MM32F032xx_s.lib(kernel.o)
    0x080082f4   0x080082f4   0x00000030   Code   RO         4050    i.SndMsgBlks_Isr    Rafael_BLE_MM32F032xx_s.lib(kernel.o)
    0x08008324   0x08008324   0x00000010   Code   RO          503    i.SysTick_DelayMs   systick.o
    0x08008334   0x08008334   0x00000014   Code   RO          504    i.SysTick_Handler   systick.o
    0x08008348   0x08008348   0x00000048   Code   RO          505    i.SysTick_Init      systick.o
    0x08008390   0x08008390   0x00000054   Code   RO            5    i.SystemInit        system_mm32f032xx_s.o
    0x080083e4   0x080083e4   0x0000000c   Code   RO         3141    i.UART_Cmd          hal_uart.o
    0x080083f0   0x080083f0   0x0000000a   Code   RO         3145    i.UART_GetFlagStatus  hal_uart.o
    0x080083fa   0x080083fa   0x00000002   PAD
    0x080083fc   0x080083fc   0x00000070   Code   RO         3149    i.UART_Init         hal_uart.o
    0x0800846c   0x0800846c   0x00000006   Code   RO         3153    i.UART_SendData     hal_uart.o
    0x08008472   0x08008472   0x00000018   Code   RO         3162    i.UART_StructInit   hal_uart.o
    0x0800848a   0x0800848a   0x00000002   PAD
    0x0800848c   0x0800848c   0x0000012c   Code   RO          548    i.UARTx_Configure   uart.o
    0x080085b8   0x080085b8   0x00000020   Code   RO         6726    i.__0printf$8       mc_p.l(printf8.o)
    0x080085d8   0x080085d8   0x0000001a   Code   RO         4290    i.__ARM_common_switch8  Rafael_BLE_MM32F032xx_s.lib(kernel.o)
    0x080085f2   0x080085f2   0x0000000e   Code   RO         6821    i.__scatterload_copy  mc_p.l(handlers.o)
    0x08008600   0x08008600   0x00000002   Code   RO         6822    i.__scatterload_null  mc_p.l(handlers.o)
    0x08008602   0x08008602   0x0000000e   Code   RO         6823    i.__scatterload_zeroinit  mc_p.l(handlers.o)
    0x08008610   0x08008610   0x00000428   Code   RO         6733    i._printf_core      mc_p.l(printf8.o)
    0x08008a38   0x08008a38   0x00000020   Code   RO         6734    i._printf_post_padding  mc_p.l(printf8.o)
    0x08008a58   0x08008a58   0x0000002c   Code   RO         6735    i._printf_pre_padding  mc_p.l(printf8.o)
    0x08008a84   0x08008a84   0x00000094   Code   RO         6328    i.checkBLE_CmdTimer  Rafael_BLE_MM32F032xx_s.lib(rffunction.o)
    0x08008b18   0x08008b18   0x00000060   Code   RO         6329    i.chkBLE_ATTRIBUTE_PERMISSION_Read  Rafael_BLE_MM32F032xx_s.lib(rffunction.o)
    0x08008b78   0x08008b78   0x00000060   Code   RO         6330    i.chkBLE_ATTRIBUTE_PERMISSION_Write  Rafael_BLE_MM32F032xx_s.lib(rffunction.o)
    0x08008bd8   0x08008bd8   0x00000004   Code   RO         6331    i.chkBLE_ATT_Chr_AcssRd_ByUser  Rafael_BLE_MM32F032xx_s.lib(rffunction.o)
    0x08008bdc   0x08008bdc   0x00000004   Code   RO         6332    i.chkBLE_ATT_Chr_AcssWr_ByUser  Rafael_BLE_MM32F032xx_s.lib(rffunction.o)
    0x08008be0   0x08008be0   0x00000014   Code   RO         4550    i.chkBLE_LL_State_Adv  Rafael_BLE_MM32F032xx_s.lib(ll.o)
    0x08008bf4   0x08008bf4   0x00000014   Code   RO         4551    i.chkBLE_LL_State_Init  Rafael_BLE_MM32F032xx_s.lib(ll.o)
    0x08008c08   0x08008c08   0x00000014   Code   RO         4552    i.chkBLE_LL_State_Scan  Rafael_BLE_MM32F032xx_s.lib(ll.o)
    0x08008c1c   0x08008c1c   0x00000018   Code   RO         6333    i.chkIfBLE_ATT_Chr_Acss_ByUser  Rafael_BLE_MM32F032xx_s.lib(rffunction.o)
    0x08008c34   0x08008c34   0x00000030   Code   RO         6334    i.clearBLE_CmdTimer  Rafael_BLE_MM32F032xx_s.lib(rffunction.o)
    0x08008c64   0x08008c64   0x0000000c   Code   RO          579    i.delay_us          porting_lltimer.o
    0x08008c70   0x08008c70   0x00000020   Code   RO         1263    i.exEXTI_LineDisable  hal_exti.o
    0x08008c90   0x08008c90   0x00000024   Code   RO          549    i.fputc             uart.o
    0x08008cb4   0x08008cb4   0x0000001c   Code   RO         6335    i.getBLE_ATTRIBUTE_TYPE_Size  Rafael_BLE_MM32F032xx_s.lib(rffunction.o)
    0x08008cd0   0x08008cd0   0x00000020   Code   RO         6336    i.getBLE_ATTRIBUTE_Value_DynmcLngth  Rafael_BLE_MM32F032xx_s.lib(rffunction.o)
    0x08008cf0   0x08008cf0   0x00000014   Code   RO         6337    i.getBLE_CmdTimerEvent  Rafael_BLE_MM32F032xx_s.lib(rffunction.o)
    0x08008d04   0x08008d04   0x00000084   Code   RO         6338    i.initBLE_AttServParamter  Rafael_BLE_MM32F032xx_s.lib(rffunction.o)
    0x08008d88   0x08008d88   0x00000040   Code   RO         6016    i.initBLEsmp        Rafael_BLE_MM32F032xx_s.lib(mmi.o)
    0x08008dc8   0x08008dc8   0x00000038   Code   RO         6017    i.initBLEsmp_Re     Rafael_BLE_MM32F032xx_s.lib(mmi.o)
    0x08008e00   0x08008e00   0x00000014   Code   RO         6018    i.initBLEsw         Rafael_BLE_MM32F032xx_s.lib(mmi.o)
    0x08008e14   0x08008e14   0x00000014   Code   RO         4348    i.initBleDeviceParam  Rafael_BLE_MM32F032xx_s.lib(host.o)
    0x08008e28   0x08008e28   0x00000034   Code   RO         5714    i.initHCI           Rafael_BLE_MM32F032xx_s.lib(hci.o)
    0x08008e5c   0x08008e5c   0x00000018   Code   RO         5301    i.initInt           Rafael_BLE_MM32F032xx_s.lib(rf_phy.o)
    0x08008e74   0x08008e74   0x00000008   Code   RO         5917    i.initL2CAP         Rafael_BLE_MM32F032xx_s.lib(l2cap.o)
    0x08008e7c   0x08008e7c   0x00000160   Code   RO         4553    i.initLL            Rafael_BLE_MM32F032xx_s.lib(ll.o)
    0x08008fdc   0x08008fdc   0x0000000c   Code   RO         5715    i.initLLCallBack    Rafael_BLE_MM32F032xx_s.lib(hci.o)
    0x08008fe8   0x08008fe8   0x00000018   Code   RO         6339    i.init_q_att_HDL_PreWr  Rafael_BLE_MM32F032xx_s.lib(rffunction.o)
    0x08009000   0x08009000   0x000000d4   Code   RO           76    i.main              main.o
    0x080090d4   0x080090d4   0x00000070   Code   RO         5302    i.rafael_pll_bank_get  Rafael_BLE_MM32F032xx_s.lib(rf_phy.o)
    0x08009144   0x08009144   0x00000130   Code   RO         5303    i.rafael_pll_calibration  Rafael_BLE_MM32F032xx_s.lib(rf_phy.o)
    0x08009274   0x08009274   0x0000002c   Code   RO         5304    i.rafael_reset_phy_fsm  Rafael_BLE_MM32F032xx_s.lib(rf_phy.o)
    0x080092a0   0x080092a0   0x00000024   Code   RO         5305    i.rafael_reset_phy_fsm_Isr  Rafael_BLE_MM32F032xx_s.lib(rf_phy.o)
    0x080092c4   0x080092c4   0x0000003a   Code   RO         3643    i.setBLE_AdvData    Rafael_BLE_MM32F032xx_s.lib(ble_cmd.o)
    0x080092fe   0x080092fe   0x0000003c   Code   RO         3645    i.setBLE_AdvEnable  Rafael_BLE_MM32F032xx_s.lib(ble_cmd.o)
    0x0800933a   0x0800933a   0x00000002   PAD
    0x0800933c   0x0800933c   0x000000e8   Code   RO         3646    i.setBLE_AdvParam   Rafael_BLE_MM32F032xx_s.lib(ble_cmd.o)
    0x08009424   0x08009424   0x00000070   Code   RO         3647    i.setBLE_BleDeviceAddr  Rafael_BLE_MM32F032xx_s.lib(ble_cmd.o)
    0x08009494   0x08009494   0x00000030   Code   RO         6340    i.setBLE_CmdTimer   Rafael_BLE_MM32F032xx_s.lib(rffunction.o)
    0x080094c4   0x080094c4   0x00000012   Code   RO         6341    i.setBLE_ConnTxData  Rafael_BLE_MM32F032xx_s.lib(rffunction.o)
    0x080094d6   0x080094d6   0x00000034   Code   RO         6342    i.setBLE_ConnTxData_ATT_ERROR_RESPONSE  Rafael_BLE_MM32F032xx_s.lib(rffunction.o)
    0x0800950a   0x0800950a   0x00000044   Code   RO         6343    i.setBLE_ConnTxData_SMP  Rafael_BLE_MM32F032xx_s.lib(rffunction.o)
    0x0800954e   0x0800954e   0x00000046   Code   RO         6344    i.setBLE_ConnTxData_SMP_Isr  Rafael_BLE_MM32F032xx_s.lib(rffunction.o)
    0x08009594   0x08009594   0x0000002c   Code   RO         3656    i.setBLE_Pairing_PassKey  Rafael_BLE_MM32F032xx_s.lib(ble_cmd.o)
    0x080095c0   0x080095c0   0x00000018   Code   RO         3972    i.setBLE_RegisterBleEvent  Rafael_BLE_MM32F032xx_s.lib(ble_event.o)
    0x080095d8   0x080095d8   0x0000003a   Code   RO         3661    i.setBLE_ScanRspData  Rafael_BLE_MM32F032xx_s.lib(ble_cmd.o)
    0x08009612   0x08009612   0x00000002   PAD
    0x08009614   0x08009614   0x00000020   Code   RO         5306    i.setChannel_BLE    Rafael_BLE_MM32F032xx_s.lib(rf_phy.o)
    0x08009634   0x08009634   0x0000000c   Code   RO         5312    i.smpAES_En         Rafael_BLE_MM32F032xx_s.lib(rf_phy.o)
    0x08009640   0x08009640   0x00000032   Code   RO         5313    i.smpAES_inInv      Rafael_BLE_MM32F032xx_s.lib(rf_phy.o)
    0x08009672   0x08009672   0x00000002   PAD
    0x08009674   0x08009674   0x00000018   Code   RO         5314    i.smpAES_in_PlainText  Rafael_BLE_MM32F032xx_s.lib(rf_phy.o)
    0x0800968c   0x0800968c   0x0000000e   Code   RO         5315    i.smpAES_in_key     Rafael_BLE_MM32F032xx_s.lib(rf_phy.o)
    0x0800969a   0x0800969a   0x00000022   Code   RO         5316    i.smpAES_out        Rafael_BLE_MM32F032xx_s.lib(rf_phy.o)
    0x080096bc   0x080096bc   0x00000030   Code   RO         5317    i.smpAES_outInv     Rafael_BLE_MM32F032xx_s.lib(rf_phy.o)
    0x080096ec   0x080096ec   0x000000c4   Code   RO         6345    i.smpC1             Rafael_BLE_MM32F032xx_s.lib(rffunction.o)
    0x080097b0   0x080097b0   0x00000018   Code   RO         6346    i.smpPasskey_init   Rafael_BLE_MM32F032xx_s.lib(rffunction.o)
    0x080097c8   0x080097c8   0x00000030   Code   RO         6347    i.smpPasskey_set    Rafael_BLE_MM32F032xx_s.lib(rffunction.o)
    0x080097f8   0x080097f8   0x0000002c   Code   RO         6348    i.smpS1             Rafael_BLE_MM32F032xx_s.lib(rffunction.o)
    0x08009824   0x08009824   0x000000f0   Code   RO          619    i.spiGpioWriteReg   porting_misc.o
    0x08009914   0x08009914   0x00000019   Data   RO          261    .constdata          user.o
    0x0800992d   0x0800992d   0x00000003   PAD
    0x08009930   0x08009930   0x00000008   Data   RO          417    .constdata          spi.o
    0x08009938   0x08009938   0x00000001   Data   RO          621    .constdata          porting_misc.o
    0x08009939   0x08009939   0x00000003   PAD
    0x0800993c   0x0800993c   0x00000016   Data   RO          708    .constdata          porting_spi.o
    0x08009952   0x08009952   0x00000007   Data   RO         3465    .constdata          profile_tab.o
    0x08009959   0x08009959   0x00000007   Data   RO         3466    .constdata          profile_tab.o
    0x08009960   0x08009960   0x0000000a   Data   RO         3467    .constdata          profile_tab.o
    0x0800996a   0x0800996a   0x0000000d   Data   RO         3468    .constdata          profile_tab.o
    0x08009977   0x08009977   0x0000000a   Data   RO         3469    .constdata          profile_tab.o
    0x08009981   0x08009981   0x00000007   Data   RO         3470    .constdata          profile_tab.o
    0x08009988   0x08009988   0x0000000a   Data   RO         3471    .constdata          profile_tab.o
    0x08009992   0x08009992   0x0000000b   Data   RO         3472    .constdata          profile_tab.o
    0x0800999d   0x0800999d   0x0000000a   Data   RO         3473    .constdata          profile_tab.o
    0x080099a7   0x080099a7   0x00000006   Data   RO         3474    .constdata          profile_tab.o
    0x080099ad   0x080099ad   0x0000000a   Data   RO         3475    .constdata          profile_tab.o
    0x080099b7   0x080099b7   0x0000000d   Data   RO         3476    .constdata          profile_tab.o
    0x080099c4   0x080099c4   0x00000007   Data   RO         3477    .constdata          profile_tab.o
    0x080099cb   0x080099cb   0x0000000a   Data   RO         3478    .constdata          profile_tab.o
    0x080099d5   0x080099d5   0x00000009   Data   RO         3479    .constdata          profile_tab.o
    0x080099de   0x080099de   0x00000007   Data   RO         3480    .constdata          profile_tab.o
    0x080099e5   0x080099e5   0x00000007   Data   RO         3481    .constdata          profile_tab.o
    0x080099ec   0x080099ec   0x0000000a   Data   RO         3482    .constdata          profile_tab.o
    0x080099f6   0x080099f6   0x00000009   Data   RO         3483    .constdata          profile_tab.o
    0x080099ff   0x080099ff   0x0000000c   Data   RO         3484    .constdata          profile_tab.o
    0x08009a0b   0x08009a0b   0x0000000a   Data   RO         3485    .constdata          profile_tab.o
    0x08009a15   0x08009a15   0x0000000b   Data   RO         3486    .constdata          profile_tab.o
    0x08009a20   0x08009a20   0x0000000c   Data   RO         3487    .constdata          profile_tab.o
    0x08009a2c   0x08009a2c   0x0000000a   Data   RO         3488    .constdata          profile_tab.o
    0x08009a36   0x08009a36   0x0000000d   Data   RO         3489    .constdata          profile_tab.o
    0x08009a43   0x08009a43   0x0000000a   Data   RO         3490    .constdata          profile_tab.o
    0x08009a4d   0x08009a4d   0x00000009   Data   RO         3491    .constdata          profile_tab.o
    0x08009a56   0x08009a56   0x0000000c   Data   RO         3492    .constdata          profile_tab.o
    0x08009a62   0x08009a62   0x0000000a   Data   RO         3493    .constdata          profile_tab.o
    0x08009a6c   0x08009a6c   0x0000000b   Data   RO         3494    .constdata          profile_tab.o
    0x08009a77   0x08009a77   0x0000000c   Data   RO         3495    .constdata          profile_tab.o
    0x08009a83   0x08009a83   0x0000000a   Data   RO         3496    .constdata          profile_tab.o
    0x08009a8d   0x08009a8d   0x00000008   Data   RO         3497    .constdata          profile_tab.o
    0x08009a95   0x08009a95   0x0000000c   Data   RO         3498    .constdata          profile_tab.o
    0x08009aa1   0x08009aa1   0x0000000a   Data   RO         3499    .constdata          profile_tab.o
    0x08009aab   0x08009aab   0x00000009   Data   RO         3500    .constdata          profile_tab.o
    0x08009ab4   0x08009ab4   0x0000000c   Data   RO         3501    .constdata          profile_tab.o
    0x08009ac0   0x08009ac0   0x0000000a   Data   RO         3502    .constdata          profile_tab.o
    0x08009aca   0x08009aca   0x0000000c   Data   RO         3503    .constdata          profile_tab.o
    0x08009ad6   0x08009ad6   0x00000007   Data   RO         3504    .constdata          profile_tab.o
    0x08009add   0x08009add   0x0000000a   Data   RO         3505    .constdata          profile_tab.o
    0x08009ae7   0x08009ae7   0x00000009   Data   RO         3506    .constdata          profile_tab.o
    0x08009af0   0x08009af0   0x00000007   Data   RO         3507    .constdata          profile_tab.o
    0x08009af7   0x08009af7   0x00000007   Data   RO         3508    .constdata          profile_tab.o
    0x08009afe   0x08009afe   0x0000000a   Data   RO         3509    .constdata          profile_tab.o
    0x08009b08   0x08009b08   0x00000010   Data   RO         3510    .constdata          profile_tab.o
    0x08009b18   0x08009b18   0x00000007   Data   RO         3511    .constdata          profile_tab.o
    0x08009b1f   0x08009b1f   0x0000000a   Data   RO         3512    .constdata          profile_tab.o
    0x08009b29   0x08009b29   0x00000007   Data   RO         3513    .constdata          profile_tab.o
    0x08009b30   0x08009b30   0x0000000a   Data   RO         3514    .constdata          profile_tab.o
    0x08009b3a   0x08009b3a   0x00000006   Data   RO         3515    .constdata          profile_tab.o
    0x08009b40   0x08009b40   0x0000000a   Data   RO         3516    .constdata          profile_tab.o
    0x08009b4a   0x08009b4a   0x00000006   Data   RO         3517    .constdata          profile_tab.o
    0x08009b50   0x08009b50   0x00000002   Data   RO         3518    .constdata          profile_tab.o
    0x08009b52   0x08009b52   0x00000002   Data   RO         3519    .constdata          profile_tab.o
    0x08009b54   0x08009b54   0x00000002   Data   RO         3522    .constdata          profile_tab.o
    0x08009b56   0x08009b56   0x00000002   Data   RO         3525    .constdata          profile_tab.o
    0x08009b58   0x08009b58   0x00000002   Data   RO         3526    .constdata          profile_tab.o
    0x08009b5a   0x08009b5a   0x00000002   Data   RO         3527    .constdata          profile_tab.o
    0x08009b5c   0x08009b5c   0x00000002   Data   RO         3528    .constdata          profile_tab.o
    0x08009b5e   0x08009b5e   0x00000002   Data   RO         3529    .constdata          profile_tab.o
    0x08009b60   0x08009b60   0x00000002   Data   RO         3530    .constdata          profile_tab.o
    0x08009b62   0x08009b62   0x00000002   Data   RO         3531    .constdata          profile_tab.o
    0x08009b64   0x08009b64   0x00000002   Data   RO         3532    .constdata          profile_tab.o
    0x08009b66   0x08009b66   0x00000002   Data   RO         3533    .constdata          profile_tab.o
    0x08009b68   0x08009b68   0x00000002   Data   RO         3534    .constdata          profile_tab.o
    0x08009b6a   0x08009b6a   0x00000002   Data   RO         3535    .constdata          profile_tab.o
    0x08009b6c   0x08009b6c   0x00000002   Data   RO         3536    .constdata          profile_tab.o
    0x08009b6e   0x08009b6e   0x00000002   Data   RO         3537    .constdata          profile_tab.o
    0x08009b70   0x08009b70   0x00000002   Data   RO         3538    .constdata          profile_tab.o
    0x08009b72   0x08009b72   0x00000002   Data   RO         3539    .constdata          profile_tab.o
    0x08009b74   0x08009b74   0x00000002   Data   RO         3540    .constdata          profile_tab.o
    0x08009b76   0x08009b76   0x00000002   Data   RO         3541    .constdata          profile_tab.o
    0x08009b78   0x08009b78   0x00000002   Data   RO         3542    .constdata          profile_tab.o
    0x08009b7a   0x08009b7a   0x00000002   Data   RO         3543    .constdata          profile_tab.o
    0x08009b7c   0x08009b7c   0x00000002   Data   RO         3544    .constdata          profile_tab.o
    0x08009b7e   0x08009b7e   0x00000002   Data   RO         3545    .constdata          profile_tab.o
    0x08009b80   0x08009b80   0x00000002   Data   RO         3546    .constdata          profile_tab.o
    0x08009b82   0x08009b82   0x00000002   Data   RO         3547    .constdata          profile_tab.o
    0x08009b84   0x08009b84   0x000000d4   Data   RO         3548    .constdata          profile_tab.o
    0x08009c58   0x08009c58   0x000000d4   Data   RO         3549    .constdata          profile_tab.o
    0x08009d2c   0x08009d2c   0x0000000c   Data   RO         4350    .constdata          Rafael_BLE_MM32F032xx_s.lib(host.o)
    0x08009d38   0x08009d38   0x00000358   Data   RO         4559    .constdata          Rafael_BLE_MM32F032xx_s.lib(ll.o)
    0x0800a090   0x0800a090   0x0000011a   Data   RO         5320    .constdata          Rafael_BLE_MM32F032xx_s.lib(rf_phy.o)
    0x0800a1aa   0x0800a1aa   0x00000002   PAD
    0x0800a1ac   0x0800a1ac   0x0000006c   Data   RO         5717    .constdata          Rafael_BLE_MM32F032xx_s.lib(hci.o)
    0x0800a218   0x0800a218   0x00000040   Data   RO         5718    .constdata          Rafael_BLE_MM32F032xx_s.lib(hci.o)
    0x0800a258   0x0800a258   0x00000008   Data   RO         5719    .constdata          Rafael_BLE_MM32F032xx_s.lib(hci.o)
    0x0800a260   0x0800a260   0x00000004   Data   RO         5919    .constdata          Rafael_BLE_MM32F032xx_s.lib(l2cap.o)
    0x0800a264   0x0800a264   0x000000ac   Data   RO         6019    .constdata          Rafael_BLE_MM32F032xx_s.lib(mmi.o)
    0x0800a310   0x0800a310   0x0000001c   Data   RO         6020    .constdata          Rafael_BLE_MM32F032xx_s.lib(mmi.o)
    0x0800a32c   0x0800a32c   0x00000010   Data   RO         6359    .constdata          Rafael_BLE_MM32F032xx_s.lib(rffunction.o)
    0x0800a33c   0x0800a33c   0x0000004b   Data   RO          262    .conststring        user.o
    0x0800a387   0x0800a387   0x00000001   PAD
    0x0800a388   0x0800a388   0x00000020   Data   RO         6820    Region$$Table       anon$$obj.o


    Execution Region RW_IRAM1 (Exec base: 0x20000000, Load base: 0x0800a3a8, Size: 0x00001820, Max: 0x00004000, ABSOLUTE, COMPRESSED[0x00000244])

    Exec Addr    Load Addr    Size         Type   Attr      Idx    E Section Name        Object

    0x20000000   COMPRESSED   0x00000008   Data   RW          263    .data               user.o
    0x20000008   COMPRESSED   0x00000002   Data   RW          418    .data               spi.o
    0x2000000a   COMPRESSED   0x00000002   PAD
    0x2000000c   COMPRESSED   0x00000004   Data   RW          506    .data               systick.o
    0x20000010   COMPRESSED   0x00000010   Data   RW         2083    .data               hal_rcc.o
    0x20000020   COMPRESSED   0x00000008   Data   RW         3550    .data               profile_tab.o
    0x20000028   COMPRESSED   0x00000006   Data   RW         3551    .data               profile_tab.o
    0x2000002e   COMPRESSED   0x00000004   Data   RW         3552    .data               profile_tab.o
    0x20000032   COMPRESSED   0x00000002   Data   RW         3553    .data               profile_tab.o
    0x20000034   COMPRESSED   0x00000005   Data   RW         3554    .data               profile_tab.o
    0x20000039   COMPRESSED   0x00000002   Data   RW         3555    .data               profile_tab.o
    0x2000003b   COMPRESSED   0x0000000a   Data   RW         3556    .data               profile_tab.o
    0x20000045   COMPRESSED   0x00000002   Data   RW         3557    .data               profile_tab.o
    0x20000047   COMPRESSED   0x00000002   Data   RW         3558    .data               profile_tab.o
    0x20000049   COMPRESSED   0x00000001   Data   RW         3559    .data               profile_tab.o
    0x2000004a   COMPRESSED   0x00000002   PAD
    0x2000004c   COMPRESSED   0x000000d4   Data   RW         3560    .data               profile_tab.o
    0x20000120   COMPRESSED   0x000000d4   Data   RW         3561    .data               profile_tab.o
    0x200001f4   COMPRESSED   0x000000d4   Data   RW         3562    .data               profile_tab.o
    0x200002c8   COMPRESSED   0x00000001   Data   RW         3563    .data               profile_tab.o
    0x200002c9   COMPRESSED   0x00000003   PAD
    0x200002cc   COMPRESSED   0x00000004   Data   RW         3973    .data               Rafael_BLE_MM32F032xx_s.lib(ble_event.o)
    0x200002d0   COMPRESSED   0x00000008   Data   RW         4052    .data               Rafael_BLE_MM32F032xx_s.lib(kernel.o)
    0x200002d8   COMPRESSED   0x00000007   Data   RW         4351    .data               Rafael_BLE_MM32F032xx_s.lib(host.o)
    0x200002df   COMPRESSED   0x00000008   Data   RW         4352    .data               Rafael_BLE_MM32F032xx_s.lib(host.o)
    0x200002e7   COMPRESSED   0x00000001   PAD
    0x200002e8   COMPRESSED   0x000000a8   Data   RW         4565    .data               Rafael_BLE_MM32F032xx_s.lib(ll.o)
    0x20000390   COMPRESSED   0x00000028   Data   RW         5325    .data               Rafael_BLE_MM32F032xx_s.lib(rf_phy.o)
    0x200003b8   COMPRESSED   0x00000005   Data   RW         5326    .data               Rafael_BLE_MM32F032xx_s.lib(rf_phy.o)
    0x200003bd   COMPRESSED   0x00000003   PAD
    0x200003c0   COMPRESSED   0x0000000d   Data   RW         5720    .data               Rafael_BLE_MM32F032xx_s.lib(hci.o)
    0x200003cd   COMPRESSED   0x00000002   Data   RW         6021    .data               Rafael_BLE_MM32F032xx_s.lib(mmi.o)
    0x200003cf   COMPRESSED   0x00000010   Data   RW         6360    .data               Rafael_BLE_MM32F032xx_s.lib(rffunction.o)
    0x200003df   COMPRESSED   0x0000000b   Data   RW         6361    .data               Rafael_BLE_MM32F032xx_s.lib(rffunction.o)
    0x200003ea   COMPRESSED   0x00000010   Data   RW         6364    .data               Rafael_BLE_MM32F032xx_s.lib(rffunction.o)
    0x200003fa   COMPRESSED   0x00000002   Data   RW         6365    .data               Rafael_BLE_MM32F032xx_s.lib(rffunction.o)
    0x200003fc   COMPRESSED   0x00000008   Data   RW         6366    .data               Rafael_BLE_MM32F032xx_s.lib(rffunction.o)
    0x20000404   COMPRESSED   0x00000010   Data   RW         6367    .data               Rafael_BLE_MM32F032xx_s.lib(rffunction.o)
    0x20000414   COMPRESSED   0x00000010   Data   RW         6368    .data               Rafael_BLE_MM32F032xx_s.lib(rffunction.o)
    0x20000424   COMPRESSED   0x00000019   Data   RW         6369    .data               Rafael_BLE_MM32F032xx_s.lib(rffunction.o)
    0x2000043d   COMPRESSED   0x00000001   Data   RW         6370    .data               Rafael_BLE_MM32F032xx_s.lib(rffunction.o)
    0x2000043e   COMPRESSED   0x0000000f   Data   RW         6372    .data               Rafael_BLE_MM32F032xx_s.lib(rffunction.o)
    0x2000044d   COMPRESSED   0x00000001   Data   RW         6373    .data               Rafael_BLE_MM32F032xx_s.lib(rffunction.o)
    0x2000044e   COMPRESSED   0x00000001   Data   RW         6374    .data               Rafael_BLE_MM32F032xx_s.lib(rffunction.o)
    0x2000044f   COMPRESSED   0x00000008   Data   RW         6375    .data               Rafael_BLE_MM32F032xx_s.lib(rffunction.o)
    0x20000457   COMPRESSED   0x00000002   Data   RW         6376    .data               Rafael_BLE_MM32F032xx_s.lib(rffunction.o)
    0x20000459   COMPRESSED   0x00000008   Data   RW         6379    .data               Rafael_BLE_MM32F032xx_s.lib(rffunction.o)
    0x20000461   COMPRESSED   0x00000003   PAD
    0x20000464   COMPRESSED   0x00000004   Data   RW         6794    .data               mc_p.l(stdout.o)
    0x20000468        -       0x00000924   Zero   RW          620    .bss                porting_misc.o
    0x20000d8c        -       0x00000028   Zero   RW         4051    .bss                Rafael_BLE_MM32F032xx_s.lib(kernel.o)
    0x20000db4        -       0x000002f0   Zero   RW         4557    .bss                Rafael_BLE_MM32F032xx_s.lib(ll.o)
    0x200010a4        -       0x00000030   Zero   RW         4558    .bss                Rafael_BLE_MM32F032xx_s.lib(ll.o)
    0x200010d4        -       0x00000035   Zero   RW         5319    .bss                Rafael_BLE_MM32F032xx_s.lib(rf_phy.o)
    0x20001109        -       0x000000fd   Zero   RW         5918    .bss                Rafael_BLE_MM32F032xx_s.lib(l2cap.o)
    0x20001206   COMPRESSED   0x00000002   PAD
    0x20001208        -       0x00000190   Zero   RW         6350    .bss                Rafael_BLE_MM32F032xx_s.lib(rffunction.o)
    0x20001398        -       0x00000010   Zero   RW         6351    .bss                Rafael_BLE_MM32F032xx_s.lib(rffunction.o)
    0x200013a8        -       0x00000010   Zero   RW         6352    .bss                Rafael_BLE_MM32F032xx_s.lib(rffunction.o)
    0x200013b8        -       0x00000010   Zero   RW         6353    .bss                Rafael_BLE_MM32F032xx_s.lib(rffunction.o)
    0x200013c8        -       0x00000010   Zero   RW         6354    .bss                Rafael_BLE_MM32F032xx_s.lib(rffunction.o)
    0x200013d8        -       0x00000010   Zero   RW         6355    .bss                Rafael_BLE_MM32F032xx_s.lib(rffunction.o)
    0x200013e8        -       0x0000000a   Zero   RW         6356    .bss                Rafael_BLE_MM32F032xx_s.lib(rffunction.o)
    0x200013f2        -       0x0000002a   Zero   RW         6358    .bss                Rafael_BLE_MM32F032xx_s.lib(rffunction.o)
    0x2000141c   COMPRESSED   0x00000004   PAD
    0x20001420        -       0x00000400   Zero   RW           66    STACK               startup_mm32f032xx_s_keil.o


==============================================================================

Image component sizes


      Code (inc. data)   RO Data    RW Data    ZI Data      Debug   Object Name

       212         20          0          0          0       6844   hal_dma.o
       200         28          0          0          0       6271   hal_exti.o
       200          0          0          0          0       7057   hal_gpio.o
        80         10          0          0          0       2388   hal_misc.o
       240         60          0         16          0       8224   hal_rcc.o
       242          0          0          0          0       7882   hal_spi.o
       164          4          0          0          0       5246   hal_uart.o
       316         78          0          0          0     145053   main.o
        18          0          0          0          0       1059   porting_lltimer.o
       664         24          1          0       2340       6130   porting_misc.o
       764         48         22          0          0       6744   porting_spi.o
        44         10        986        679          0      14013   profile_tab.o
      1298         88          8          2          0       7590   spi.o
        88         38        192          0       1024        816   startup_mm32f032xx_s_keil.o
       292         30          0          0          0     132953   system_mm32f032xx_s.o
       176         24          0          4          0       8776   systick.o
       336         16          0          0          0       2038   uart.o
       568        232        100          8          0      26612   user.o

    ----------------------------------------------------------------------
      5916        710       1348        716       3364     395696   Object Totals
         0          0         32          0          0          0   (incl. Generated)
        14          0          7          7          0          0   (incl. Padding)

    ----------------------------------------------------------------------

      Code (inc. data)   RO Data    RW Data    ZI Data      Debug   Library Member Name

       564         20          0          0          0      35861   ble_cmd.o
       576         42          0          4          0       4649   ble_event.o
      1362        248        180         13          0      52819   hci.o
       242         28         12         15          0      16915   host.o
      1270        112          0          8         40      48959   kernel.o
        78         12          4          0        253       4206   l2cap.o
     18260       1206        856        168        800     146154   ll.o
      5538        552        200          2          0      45433   mmi.o
      2346        242        282         45         53      54878   rf_phy.o
      1224        114         16        146        532      28889   rffunction.o
        86          0          0          0          0          0   __dczerorl2.o
         0          0          0          0          0          0   entry.o
         0          0          0          0          0          0   entry10a.o
         0          0          0          0          0          0   entry11a.o
         8          4          0          0          0          0   entry2.o
         4          0          0          0          0          0   entry5.o
         0          0          0          0          0          0   entry7b.o
         0          0          0          0          0          0   entry8b.o
         8          4          0          0          0          0   entry9a.o
        30          0          0          0          0          0   handlers.o
        40          0          0          0          0         72   idiv.o
        36          8          0          0          0         68   init.o
        32          0          0          0          0         68   llshl.o
        34          0          0          0          0         68   llushr.o
      1172         52          0          0          0        324   printf8.o
         0          0          0          4          0          0   stdout.o
        44          0          0          0          0         72   uidiv.o
        96          0          0          0          0         84   uldiv.o

    ----------------------------------------------------------------------
     33080       2644       1552        412       1684     439519   Library Totals
        30          0          2          7          6          0   (incl. Padding)

    ----------------------------------------------------------------------

      Code (inc. data)   RO Data    RW Data    ZI Data      Debug   Library Name

     31460       2576       1550        401       1678     438763   Rafael_BLE_MM32F032xx_s.lib
      1590         68          0          4          0        756   mc_p.l

    ----------------------------------------------------------------------
     33080       2644       1552        412       1684     439519   Library Totals

    ----------------------------------------------------------------------

==============================================================================


      Code (inc. data)   RO Data    RW Data    ZI Data      Debug   

     38996       3354       2900       1128       5048     817479   Grand Totals
     38996       3354       2900        580       5048     817479   ELF Image Totals (compressed)
     38996       3354       2900        580          0          0   ROM Totals

==============================================================================

    Total RO  Size (Code + RO Data)                41896 (  40.91kB)
    Total RW  Size (RW Data + ZI Data)              6176 (   6.03kB)
    Total ROM Size (Code + RO Data + RW Data)      42476 (  41.48kB)

==============================================================================

